Archive member included to satisfy reference by file (symbol)

/usr/lib/gcc/arm-none-eabi/12.2.1/../../../arm-none-eabi/lib/thumb/v7/nofp/libm.a(lib_a-sf_cos.o)
                              obj/VehicleSimulation.o (cosf)
/usr/lib/gcc/arm-none-eabi/12.2.1/../../../arm-none-eabi/lib/thumb/v7/nofp/libm.a(lib_a-sf_sin.o)
                              obj/VehicleSimulation.o (sinf)
/usr/lib/gcc/arm-none-eabi/12.2.1/../../../arm-none-eabi/lib/thumb/v7/nofp/libm.a(lib_a-w_cosh.o)
                              obj/VehicleSimulation.o (cosh)
/usr/lib/gcc/arm-none-eabi/12.2.1/../../../arm-none-eabi/lib/thumb/v7/nofp/libm.a(lib_a-w_log.o)
                              obj/VehicleSimulation.o (log)
/usr/lib/gcc/arm-none-eabi/12.2.1/../../../arm-none-eabi/lib/thumb/v7/nofp/libm.a(lib_a-w_pow.o)
                              obj/ifoc.o (pow)
/usr/lib/gcc/arm-none-eabi/12.2.1/../../../arm-none-eabi/lib/thumb/v7/nofp/libm.a(lib_a-w_sqrt.o)
                              obj/ifoc.o (sqrt)
/usr/lib/gcc/arm-none-eabi/12.2.1/../../../arm-none-eabi/lib/thumb/v7/nofp/libm.a(lib_a-wf_atan2.o)
                              obj/ifoc.o (atan2f)
/usr/lib/gcc/arm-none-eabi/12.2.1/../../../arm-none-eabi/lib/thumb/v7/nofp/libm.a(lib_a-wf_sqrt.o)
                              obj/ifoc.o (sqrtf)
/usr/lib/gcc/arm-none-eabi/12.2.1/../../../arm-none-eabi/lib/thumb/v7/nofp/libm.a(lib_a-e_cosh.o)
                              /usr/lib/gcc/arm-none-eabi/12.2.1/../../../arm-none-eabi/lib/thumb/v7/nofp/libm.a(lib_a-w_cosh.o) (__ieee754_cosh)
/usr/lib/gcc/arm-none-eabi/12.2.1/../../../arm-none-eabi/lib/thumb/v7/nofp/libm.a(lib_a-e_exp.o)
                              /usr/lib/gcc/arm-none-eabi/12.2.1/../../../arm-none-eabi/lib/thumb/v7/nofp/libm.a(lib_a-e_cosh.o) (__ieee754_exp)
/usr/lib/gcc/arm-none-eabi/12.2.1/../../../arm-none-eabi/lib/thumb/v7/nofp/libm.a(lib_a-e_log.o)
                              /usr/lib/gcc/arm-none-eabi/12.2.1/../../../arm-none-eabi/lib/thumb/v7/nofp/libm.a(lib_a-w_log.o) (__ieee754_log)
/usr/lib/gcc/arm-none-eabi/12.2.1/../../../arm-none-eabi/lib/thumb/v7/nofp/libm.a(lib_a-e_pow.o)
                              /usr/lib/gcc/arm-none-eabi/12.2.1/../../../arm-none-eabi/lib/thumb/v7/nofp/libm.a(lib_a-w_pow.o) (__ieee754_pow)
/usr/lib/gcc/arm-none-eabi/12.2.1/../../../arm-none-eabi/lib/thumb/v7/nofp/libm.a(lib_a-e_sqrt.o)
                              /usr/lib/gcc/arm-none-eabi/12.2.1/../../../arm-none-eabi/lib/thumb/v7/nofp/libm.a(lib_a-w_sqrt.o) (__ieee754_sqrt)
/usr/lib/gcc/arm-none-eabi/12.2.1/../../../arm-none-eabi/lib/thumb/v7/nofp/libm.a(lib_a-ef_atan2.o)
                              /usr/lib/gcc/arm-none-eabi/12.2.1/../../../arm-none-eabi/lib/thumb/v7/nofp/libm.a(lib_a-wf_atan2.o) (__ieee754_atan2f)
/usr/lib/gcc/arm-none-eabi/12.2.1/../../../arm-none-eabi/lib/thumb/v7/nofp/libm.a(lib_a-ef_rem_pio2.o)
                              /usr/lib/gcc/arm-none-eabi/12.2.1/../../../arm-none-eabi/lib/thumb/v7/nofp/libm.a(lib_a-sf_cos.o) (__ieee754_rem_pio2f)
/usr/lib/gcc/arm-none-eabi/12.2.1/../../../arm-none-eabi/lib/thumb/v7/nofp/libm.a(lib_a-ef_sqrt.o)
                              /usr/lib/gcc/arm-none-eabi/12.2.1/../../../arm-none-eabi/lib/thumb/v7/nofp/libm.a(lib_a-wf_sqrt.o) (__ieee754_sqrtf)
/usr/lib/gcc/arm-none-eabi/12.2.1/../../../arm-none-eabi/lib/thumb/v7/nofp/libm.a(lib_a-kf_cos.o)
                              /usr/lib/gcc/arm-none-eabi/12.2.1/../../../arm-none-eabi/lib/thumb/v7/nofp/libm.a(lib_a-sf_cos.o) (__kernel_cosf)
/usr/lib/gcc/arm-none-eabi/12.2.1/../../../arm-none-eabi/lib/thumb/v7/nofp/libm.a(lib_a-kf_rem_pio2.o)
                              /usr/lib/gcc/arm-none-eabi/12.2.1/../../../arm-none-eabi/lib/thumb/v7/nofp/libm.a(lib_a-ef_rem_pio2.o) (__kernel_rem_pio2f)
/usr/lib/gcc/arm-none-eabi/12.2.1/../../../arm-none-eabi/lib/thumb/v7/nofp/libm.a(lib_a-kf_sin.o)
                              /usr/lib/gcc/arm-none-eabi/12.2.1/../../../arm-none-eabi/lib/thumb/v7/nofp/libm.a(lib_a-sf_cos.o) (__kernel_sinf)
/usr/lib/gcc/arm-none-eabi/12.2.1/../../../arm-none-eabi/lib/thumb/v7/nofp/libm.a(lib_a-s_expm1.o)
                              /usr/lib/gcc/arm-none-eabi/12.2.1/../../../arm-none-eabi/lib/thumb/v7/nofp/libm.a(lib_a-e_cosh.o) (expm1)
/usr/lib/gcc/arm-none-eabi/12.2.1/../../../arm-none-eabi/lib/thumb/v7/nofp/libm.a(lib_a-s_fabs.o)
                              /usr/lib/gcc/arm-none-eabi/12.2.1/../../../arm-none-eabi/lib/thumb/v7/nofp/libm.a(lib_a-w_cosh.o) (fabs)
/usr/lib/gcc/arm-none-eabi/12.2.1/../../../arm-none-eabi/lib/thumb/v7/nofp/libm.a(lib_a-s_finite.o)
                              /usr/lib/gcc/arm-none-eabi/12.2.1/../../../arm-none-eabi/lib/thumb/v7/nofp/libm.a(lib_a-w_pow.o) (finite)
/usr/lib/gcc/arm-none-eabi/12.2.1/../../../arm-none-eabi/lib/thumb/v7/nofp/libm.a(lib_a-s_lib_ver.o)
                              /usr/lib/gcc/arm-none-eabi/12.2.1/../../../arm-none-eabi/lib/thumb/v7/nofp/libm.a(lib_a-w_cosh.o) (__fdlib_version)
[...]
Memory Configuration

Name             Origin             Length             Attributes
rom              0x08020000         0x00020000         xr
ram              0x20000000         0x0001c000         xrw
*default*        0x00000000         0xffffffff

Linker script and memory map

LOAD obj/stm32_sine_3_m4.o
LOAD obj/hwinit.o
LOAD obj/stm32scheduler.o
LOAD obj/params.o
LOAD obj/terminal.o
LOAD obj/terminal_prj.o
LOAD obj/stm32schedulerSecond.o
LOAD obj/my_string.o
LOAD obj/digio.o
LOAD obj/sine_core.o
LOAD obj/my_fp_2.o
LOAD obj/fu.o
LOAD obj/inc_encoder_m4.o
LOAD obj/printf.o
LOAD obj/anain.o
LOAD obj/temp_meas.o
LOAD obj/param_save.o
LOAD obj/throttle.o
LOAD obj/errormessage.o
LOAD obj/pwmgeneration.o
LOAD obj/VehicleSimulation.o
LOAD obj/ClarkeParkTransforms.o
LOAD obj/battery_simulation.o
LOAD obj/variables.o
LOAD obj/picontroller.o
LOAD obj/Rot_Flux_Ang.o
LOAD obj/ifoc.o
LOAD obj/tpid_class.o
LOAD obj/terminalcommands.o
LOAD obj/vehiclecontrol.o
LOAD obj/stm32_can.o
LOAD obj/canmap.o
LOAD obj/canhardware.o
LOAD obj/cansdo.o
LOAD obj/pwmgeneration-sine.o
LOAD /usr/lib/gcc/arm-none-eabi/12.2.1/../../../arm-none-eabi/lib/thumb/v7/nofp/libm.a
LOAD libopencm3/lib/libopencm3_stm32f4.a
START GROUP
LOAD /usr/lib/gcc/arm-none-eabi/12.2.1/thumb/v7/nofp/libgcc.a
LOAD /usr/lib/gcc/arm-none-eabi/12.2.1/../../../arm-none-eabi/lib/thumb/v7/nofp/libg.a
LOAD /usr/lib/gcc/arm-none-eabi/12.2.1/../../../arm-none-eabi/lib/thumb/v7/nofp/libc.a
END GROUP

.text           0x08020000    0x133c4
 *(.vectors)
 .vectors       0x08020000      0x1ac libopencm3/lib/libopencm3_stm32f4.a(vector.o)
                0x08020000                vector_table
 *(.text*)
 *fill*         0x080201ac        0x4 
 .text._ZL21VehicleSimulationTaskv
                0x080201b0      0x34c obj/stm32_sine_3_m4.o
 .text._ZN5DigIo3GetEv
                0x080204fc       0x12 obj/stm32_sine_3_m4.o
                0x080204fc                DigIo::Get()
 *fill*         0x0802050e        0x2 
 .text._ZL9Ms100Taskv
                0x08020510      0x160 obj/stm32_sine_3_m4.o
 .text._ZL8Ms10Taskv
                0x08020670      0x428 obj/stm32_sine_3_m4.o
 .text._ZN5Param6ChangeENS_9PARAM_NUME
                0x08020a98      0x2fc obj/stm32_sine_3_m4.o
                0x08020a98                Param::Change(Param::PARAM_NUM)
 .text.tim2_isr
                0x08020d94        0xc obj/stm32_sine_3_m4.o
                0x08020d94                tim2_isr
 .text.tim5_isr
                0x08020da0        0xc obj/stm32_sine_3_m4.o
                0x08020da0                tim5_isr
 .text.__cxa_pure_virtual
                0x08020dac        0x2 obj/stm32_sine_3_m4.o
                0x08020dac                __cxa_pure_virtual
 *fill*         0x08020dae        0x2 
 .text.startup.main
                0x08020db0      0x218 obj/stm32_sine_3_m4.o
                0x08020db0                main
 .text.startup._GLOBAL__sub_I_hwRev
                0x08020fc8       0x24 obj/stm32_sine_3_m4.o
 .text.exit._GLOBAL__sub_D_hwRev
                0x08020fec       0x1c obj/stm32_sine_3_m4.o
 .text.clock_setup
                0x08021008       0x98 obj/hwinit.o
                0x08021008                clock_setup
 .text.spi_setup
                0x080210a0       0x60 obj/hwinit.o
                0x080210a0                spi_setup
 .text.io_setup
                0x08021100      0x3fc obj/hwinit.o
                0x08021100                io_setup
 .text.pwmio_setup
                0x080214fc       0x7c obj/hwinit.o
                0x080214fc                pwmio_setup
 .text.write_bootloader_pininit
                0x08021578       0xac obj/hwinit.o
                0x08021578                write_bootloader_pininit
 .text.nvic_setup
                0x08021624       0x64 obj/hwinit.o
                0x08021624                nvic_setup
 .text.rtc_setup
                0x08021688       0x28 obj/hwinit.o
                0x08021688                rtc_setup
 .text.tim_setup
                0x080216b0      0x214 obj/hwinit.o
                0x080216b0                tim_setup
 .text._ZN14Stm32SchedulerC2Em
                0x080218c4       0x40 obj/stm32scheduler.o
                0x080218c4                Stm32Scheduler::Stm32Scheduler(unsigned long)
                0x080218c4                Stm32Scheduler::Stm32Scheduler(unsigned long)
 .text._ZN14Stm32Scheduler7AddTaskEPFvvEt
                0x08021904       0x6c obj/stm32scheduler.o
                0x08021904                Stm32Scheduler::AddTask(void (*)(), unsigned short)
 .text._ZN14Stm32Scheduler3RunEv
                0x08021970       0x5a obj/stm32scheduler.o
                0x08021970                Stm32Scheduler::Run()
 .text._ZN14Stm32Scheduler10GetCpuLoadEv
                0x080219ca       0x26 obj/stm32scheduler.o
                0x080219ca                Stm32Scheduler::GetCpuLoad()
 .text._ZN5Param3SetENS_9PARAM_NUMEl
                0x080219f0       0x30 obj/params.o
                0x080219f0                Param::Set(Param::PARAM_NUM, long)
 .text._ZN5Param3GetENS_9PARAM_NUME
                0x08021a20        0xc obj/params.o
                0x08021a20                Param::Get(Param::PARAM_NUM)
 .text._ZN5Param6GetIntENS_9PARAM_NUME
                0x08021a2c       0x10 obj/params.o
                0x08021a2c                Param::GetInt(Param::PARAM_NUM)
 .text._ZN5Param8GetFloatENS_9PARAM_NUME
                0x08021a3c       0x18 obj/params.o
                0x08021a3c                Param::GetFloat(Param::PARAM_NUM)
 .text._ZN5Param7GetBoolENS_9PARAM_NUME
                0x08021a54       0x14 obj/params.o
                0x08021a54                Param::GetBool(Param::PARAM_NUM)
 .text._ZN5Param6SetIntENS_9PARAM_NUMEi
                0x08021a68       0x10 obj/params.o
                0x08021a68                Param::SetInt(Param::PARAM_NUM, int)
 .text._ZN5Param8SetFixedENS_9PARAM_NUMEl
                0x08021a78        0xc obj/params.o
                0x08021a78                Param::SetFixed(Param::PARAM_NUM, long)
 .text._ZN5Param8SetFloatENS_9PARAM_NUMEf
                0x08021a84       0x18 obj/params.o
                0x08021a84                Param::SetFloat(Param::PARAM_NUM, float)
 .text._ZN5Param13NumFromStringEPKc
                0x08021a9c       0x28 obj/params.o
                0x08021a9c                Param::NumFromString(char const*)
 .text._ZN5Param9NumFromIdEm
                0x08021ac4       0x20 obj/params.o
                0x08021ac4                Param::NumFromId(unsigned long)
 .text._ZN5Param9GetAttribENS_9PARAM_NUME
                0x08021ae4       0x10 obj/params.o
                0x08021ae4                Param::GetAttrib(Param::PARAM_NUM)
 .text._ZN5Param12LoadDefaultsEv
                0x08021af4       0x24 obj/params.o
                0x08021af4                Param::LoadDefaults()
 .text._ZN5Param11SetFlagsRawENS_9PARAM_NUMEh
                0x08021b18        0xc obj/params.o
                0x08021b18                Param::SetFlagsRaw(Param::PARAM_NUM, unsigned char)
 .text._ZN5Param7SetFlagENS_9PARAM_NUMENS_10PARAM_FLAGE
                0x08021b24       0x10 obj/params.o
                0x08021b24                Param::SetFlag(Param::PARAM_NUM, Param::PARAM_FLAG)
 .text._ZN5Param9ClearFlagENS_9PARAM_NUMENS_10PARAM_FLAGE
                0x08021b34       0x10 obj/params.o
                0x08021b34                Param::ClearFlag(Param::PARAM_NUM, Param::PARAM_FLAG)
 .text._ZN5Param7GetFlagENS_9PARAM_NUME
                0x08021b44        0xc obj/params.o
                0x08021b44                Param::GetFlag(Param::PARAM_NUM)
 .text._ZN5Param7GetTypeENS_9PARAM_NUME
                0x08021b50       0x10 obj/params.o
                0x08021b50                Param::GetType(Param::PARAM_NUM)
 .text._ZN5Param8GetIdSumEv
                0x08021b60        0x8 obj/params.o
                0x08021b60                Param::GetIdSum()
 .text.startup._GLOBAL__sub_I__ZN5Param3SetENS_9PARAM_NUMEl
                0x08021b68       0x14 obj/params.o
 .text._ZN8Terminal7PutCharEc
                0x08021b7c       0xa2 obj/terminal.o
                0x08021b7c                Terminal::PutChar(char)
 *fill*         0x08021c1e        0x2 
 .text._ZN8TerminalC2EmPK8TERM_CMDb
                0x08021c20      0x194 obj/terminal.o
                0x08021c20                Terminal::Terminal(unsigned long, TERM_CMD const*, bool)
                0x08021c20                Terminal::Terminal(unsigned long, TERM_CMD const*, bool)
 .text._ZN8Terminal10KeyPressedEv
                0x08021db4        0x8 obj/terminal.o
                0x08021db4                Terminal::KeyPressed()
 .text._ZN8Terminal10FlushInputEv
                0x08021dbc        0x6 obj/terminal.o
                0x08021dbc                Terminal::FlushInput()
 .text._ZN8Terminal12DisableTxDMAEv
                0x08021dc2       0x1c obj/terminal.o
                0x08021dc2                Terminal::DisableTxDMA()
 .text._ZN8Terminal8ResetDMAEv
                0x08021dde       0x34 obj/terminal.o
                0x08021dde                Terminal::ResetDMA()
 .text._ZN8Terminal9CmdLookupEPc
                0x08021e12       0x28 obj/terminal.o
                0x08021e12                Terminal::CmdLookup(char*)
 .text._ZN8Terminal4SendEPKc
                0x08021e3a       0x16 obj/terminal.o
                0x08021e3a                Terminal::Send(char const*)
 .text._ZN8Terminal10EnableUartEPc
                0x08021e50       0x5c obj/terminal.o
                0x08021e50                Terminal::EnableUart(char*)
 .text._ZN8Terminal8FastUartEPc
                0x08021eac       0x48 obj/terminal.o
                0x08021eac                Terminal::FastUart(char*)
 .text._ZN8Terminal3RunEv
                0x08021ef4      0x138 obj/terminal.o
                0x08021ef4                Terminal::Run()
 .text.putchar  0x0802202c       0x14 obj/terminal.o
                0x0802202c                putchar
 .text._ZL11PrintErrorsP8TerminalPc
                0x08022040        0x4 obj/terminal_prj.o
 .text._ZL11PrintSerialP8TerminalPc
                0x08022044       0x1c obj/terminal_prj.o
 .text._ZL12StopInverterP8TerminalPc
                0x08022060       0x18 obj/terminal_prj.o
 .text._ZL12LoadDefaultsP8TerminalPc
                0x08022078       0x14 obj/terminal_prj.o
 .text._ZN16TerminalCommands15PrintParamsJsonEP8TerminalPc
                0x0802208c        0x4 obj/terminal_prj.o
                0x0802208c                TerminalCommands::PrintParamsJson(Terminal*, char*)
 .text._ZL13StartInverterP8TerminalPc
                0x08022090       0x38 obj/terminal_prj.o
 .text._ZN20Stm32SchedulerSecondC2Em
                0x080220c8       0x5c obj/stm32schedulerSecond.o
                0x080220c8                Stm32SchedulerSecond::Stm32SchedulerSecond(unsigned long)
                0x080220c8                Stm32SchedulerSecond::Stm32SchedulerSecond(unsigned long)
 .text._ZN20Stm32SchedulerSecond7AddTaskEPFvvEt
                0x08022124       0x64 obj/stm32schedulerSecond.o
                0x08022124                Stm32SchedulerSecond::AddTask(void (*)(), unsigned short)
 .text._ZN20Stm32SchedulerSecond3RunEv
                0x08022188       0x7c obj/stm32schedulerSecond.o
                0x08022188                Stm32SchedulerSecond::Run()
 .text.my_strcmp
                0x08022204       0x1c obj/my_string.o
                0x08022204                my_strcmp
 .text.my_strcpy
                0x08022220       0x12 obj/my_string.o
                0x08022220                my_strcpy
 .text.my_strlen
                0x08022232        0xe obj/my_string.o
                0x08022232                my_strlen
 .text.my_strchr
                0x08022240       0x10 obj/my_string.o
                0x08022240                my_strchr
 .text.my_ltoa  0x08022250       0x56 obj/my_string.o
                0x08022250                my_ltoa
 .text.my_atoi  0x080222a6       0x30 obj/my_string.o
                0x080222a6                my_atoi
 *fill*         0x080222d6        0x2 
 .text.my_trim  0x080222d8       0x58 obj/my_string.o
                0x080222d8                my_trim
 .text.memcpy32
                0x08022330       0x16 obj/my_string.o
                0x08022330                memcpy32
 .text.memset32
                0x08022346        0xc obj/my_string.o
                0x08022346                memset32
 *fill*         0x08022352        0x2 
 .text._ZN5DigIo9ConfigureEmtN7PinMode7PinModeE
                0x08022354       0x34 obj/digio.o
                0x08022354                DigIo::Configure(unsigned long, unsigned short, PinMode::PinMode)
 .text._ZN8SineCore6GetAmpEv
                0x08022388        0xc obj/sine_core.o
                0x08022388                SineCore::GetAmp()
 .text.startup._GLOBAL__sub_I__ZN8SineCore8minPulseE
                0x08022394       0x10 obj/sine_core.o
 .text.fp_itoa  0x080223a4       0x58 obj/my_fp_2.o
                0x080223a4                fp_itoa
 .text.fp_atoi  0x080223fc       0x62 obj/my_fp_2.o
                0x080223fc                fp_atoi
 .text.fp_sqrt  0x0802245e       0x3e obj/my_fp_2.o
                0x0802245e                fp_sqrt
 .text._ZN12MotorVoltage7CalcFacEv
                0x0802249c       0x3c obj/fu.o
                0x0802249c                MotorVoltage::CalcFac()
 .text._ZN12MotorVoltage8SetBoostEm
                0x080224d8        0xc obj/fu.o
                0x080224d8                MotorVoltage::SetBoost(unsigned long)
 .text._ZN12MotorVoltage15SetWeakeningFrqEf
                0x080224e4       0x18 obj/fu.o
                0x080224e4                MotorVoltage::SetWeakeningFrq(float)
 .text._ZN12MotorVoltage9SetMaxAmpEm
                0x080224fc        0xc obj/fu.o
                0x080224fc                MotorVoltage::SetMaxAmp(unsigned long)
 .text._ZN7Encoder5ResetEv
                0x08022508       0x58 obj/inc_encoder_m4.o
                0x08022508                Encoder::Reset()
 .text._ZN7Encoder15SetPwmFrequencyEm
                0x08022560        0x2 obj/inc_encoder_m4.o
                0x08022560                Encoder::SetPwmFrequency(unsigned long)
 *fill*         0x08022562        0x2 
 .text._ZN7Encoder15SetSinCosOffsetEt
                0x08022564        0xc obj/inc_encoder_m4.o
                0x08022564                Encoder::SetSinCosOffset(unsigned short)
 .text._ZN7Encoder20UpdateRotorFrequencyEi
                0x08022570       0x84 obj/inc_encoder_m4.o
                0x08022570                Encoder::UpdateRotorFrequency(int)
 .text._ZN7Encoder17GetRotorFrequencyEv
                0x080225f4        0xc obj/inc_encoder_m4.o
                0x080225f4                Encoder::GetRotorFrequency()
 .text._ZN7Encoder13ResetDistanceEv
                0x08022600        0xc obj/inc_encoder_m4.o
                0x08022600                Encoder::ResetDistance()
 .text._ZN7Encoder11GetDistanceEv
                0x0802260c        0xc obj/inc_encoder_m4.o
                0x0802260c                Encoder::GetDistance()
 .text._ZN7Encoder17GetRotorDirectionEv
                0x08022618        0xc obj/inc_encoder_m4.o
                0x08022618                Encoder::GetRotorDirection()
 .text._ZN7Encoder8GetSpeedEv
                0x08022624       0x30 obj/inc_encoder_m4.o
                0x08022624                Encoder::GetSpeed()
 .text._ZN7Encoder12GetFullTurnsEv
                0x08022654        0xc obj/inc_encoder_m4.o
                0x08022654                Encoder::GetFullTurns()
 .text._ZN7Encoder26InitTimerSingleChannelModeEv
                0x08022660      0x25c obj/inc_encoder_m4.o
                0x08022660                Encoder::InitTimerSingleChannelMode()
 .text._ZN7Encoder11InitSPIModeEv
                0x080228bc       0x6c obj/inc_encoder_m4.o
                0x080228bc                Encoder::InitSPIMode()
 .text._ZN7Encoder16InitTimerABZModeEv
                0x08022928      0x104 obj/inc_encoder_m4.o
                0x08022928                Encoder::InitTimerABZMode()
 .text._ZN7Encoder18SetImpulsesPerTurnEt
                0x08022a2c       0x40 obj/inc_encoder_m4.o
                0x08022a2c                Encoder::SetImpulsesPerTurn(unsigned short)
 .text._ZN7Encoder16InitResolverModeEv
                0x08022a6c      0x180 obj/inc_encoder_m4.o
                0x08022a6c                Encoder::InitResolverMode()
 .text._ZN7Encoder7SetModeENS_4modeE
                0x08022bec       0x30 obj/inc_encoder_m4.o
                0x08022bec                Encoder::SetMode(Encoder::mode)
 .text.exti2_isr
                0x08022c1c       0x20 obj/inc_encoder_m4.o
                0x08022c1c                exti2_isr
 .text.exti15_10_isr
                0x08022c3c       0x24 obj/inc_encoder_m4.o
                0x08022c3c                exti15_10_isr
 .text.startup._GLOBAL__sub_I__ZN7Encoder5ResetEv
                0x08022c60       0x14 obj/inc_encoder_m4.o
 .text._ZL6printsP8IPutCharPKcii
                0x08022c74       0x9c obj/printf.o
 .text._ZL6printiP8IPutChariiiiii
                0x08022d10       0xa0 obj/printf.o
 .text._ZN13ExternPutChar7PutCharEc
                0x08022db0        0x6 obj/printf.o
                0x08022db0                ExternPutChar::PutChar(char)
 *fill*         0x08022db6        0x2 
 .text._ZL5printP8IPutCharPKcSt9__va_list
                0x08022db8      0x11c obj/printf.o
 .text._Z6printfPKcz
                0x08022ed4       0x24 obj/printf.o
                0x08022ed4                printf(char const*, ...)
 .text._Z7fprintfP8IPutCharPKcz
                0x08022ef8       0x1a obj/printf.o
                0x08022ef8                fprintf(IPutChar*, char const*, ...)
 *fill*         0x08022f12        0x2 
 .text._ZN5AnaIn5StartEv
                0x08022f14       0xc4 obj/anain.o
                0x08022f14                AnaIn::Start()
 .text._ZN5AnaIn7median3Eiii
                0x08022fd8       0x1e obj/anain.o
                0x08022fd8                AnaIn::median3(int, int, int)
 .text._ZN5AnaIn3GetEv
                0x08022ff6       0x44 obj/anain.o
                0x08022ff6                AnaIn::Get()
 *fill*         0x0802303a        0x2 
 .text._ZN5AnaIn13AdcChFromPortEmi
                0x0802303c       0x3c obj/anain.o
                0x0802303c                AnaIn::AdcChFromPort(unsigned long, int)
 .text._ZN5AnaIn9ConfigureEmh
                0x08023078       0x38 obj/anain.o
                0x08023078                AnaIn::Configure(unsigned long, unsigned char)
 .text.startup._GLOBAL__sub_I__ZN5AnaIn13channel_arrayE
                0x080230b0       0x5c obj/anain.o
 .text._ZN8TempMeas6LookupEiNS_7SensorsE
                0x0802310c       0xc4 obj/temp_meas.o
                0x0802310c                TempMeas::Lookup(int, TempMeas::Sensors)
 .text.parm_save
                0x080231d0       0x90 obj/param_save.o
                0x080231d0                parm_save
 .text.parm_load
                0x08023260       0x68 obj/param_save.o
                0x08023260                parm_load
 .text._ZN8Throttle18CheckAndLimitRangeEPih
                0x080232c8       0x50 obj/throttle.o
                0x080232c8                Throttle::CheckAndLimitRange(int*, unsigned char)
 .text._ZN8Throttle17IsThrottlePressedEi
                0x08023318       0x50 obj/throttle.o
                0x08023318                Throttle::IsThrottlePressed(int)
 .text._ZN8Throttle15DigitsToPercentEii
                0x08023368       0x4c obj/throttle.o
                0x08023368                Throttle::DigitsToPercent(int, int)
 .text._ZN8Throttle24UpdateDynamicRegenTravelEff
                0x080233b4       0x48 obj/throttle.o
                0x080233b4                Throttle::UpdateDynamicRegenTravel(float, float)
 *fill*         0x080233fc        0x4 
 .text._ZN8Throttle12CalcThrottleEffb
                0x08023400       0xb8 obj/throttle.o
                0x08023400                Throttle::CalcThrottle(float, float, bool)
 .text._ZN8Throttle17CalcThrottleBiDirEfb
                0x080234b8       0x94 obj/throttle.o
                0x080234b8                Throttle::CalcThrottleBiDir(float, bool)
 .text._ZN8Throttle12RampThrottleEf
                0x0802354c       0xb8 obj/throttle.o
                0x0802354c                Throttle::RampThrottle(float)
 .text._ZN8Throttle13CalcIdleSpeedEi
                0x08023604       0x40 obj/throttle.o
                0x08023604                Throttle::CalcIdleSpeed(int)
 .text._ZN8Throttle15CalcCruiseSpeedEi
                0x08023644       0x74 obj/throttle.o
                0x08023644                Throttle::CalcCruiseSpeed(int)
 .text._ZN8Throttle12HoldPositionEiRf
                0x080236b8       0x64 obj/throttle.o
                0x080236b8                Throttle::HoldPosition(int, float&)
 .text._ZN8Throttle17TemperatureDerateEffRf
                0x0802371c       0x78 obj/throttle.o
                0x0802371c                Throttle::TemperatureDerate(float, float, float&)
 .text._ZN8Throttle15BmsLimitCommandERfb
                0x08023794       0x48 obj/throttle.o
                0x08023794                Throttle::BmsLimitCommand(float&, bool)
 .text._ZN8Throttle15UdcLimitCommandERff
                0x080237dc       0x80 obj/throttle.o
                0x080237dc                Throttle::UdcLimitCommand(float&, float)
 .text._ZN8Throttle15IdcLimitCommandERff
                0x0802385c       0x84 obj/throttle.o
                0x0802385c                Throttle::IdcLimitCommand(float&, float)
 .text._ZN8Throttle24AccelerationLimitCommandERfi
                0x080238e0       0x6c obj/throttle.o
                0x080238e0                Throttle::AccelerationLimitCommand(float&, int)
 .text._ZN8Throttle21FrequencyLimitCommandERff
                0x0802394c       0x74 obj/throttle.o
                0x0802394c                Throttle::FrequencyLimitCommand(float&, float)
 .text._ZN12ErrorMessage7SetTimeEm
                0x080239c0        0xc obj/errormessage.o
                0x080239c0                ErrorMessage::SetTime(unsigned long)
 .text._ZN12ErrorMessage4PostE17ERROR_MESSAGE_NUM
                0x080239cc       0x44 obj/errormessage.o
                0x080239cc                ErrorMessage::Post(ERROR_MESSAGE_NUM)
 .text._ZN12ErrorMessage9UnpostAllEv
                0x08023a10       0x18 obj/errormessage.o
                0x08023a10                ErrorMessage::UnpostAll()
 .text._ZN12ErrorMessage12GetLastErrorEv
                0x08023a28        0xc obj/errormessage.o
                0x08023a28                ErrorMessage::GetLastError()
 .text._ZN12ErrorMessage10PrintErrorEm17ERROR_MESSAGE_NUM
                0x08023a34       0x2c obj/errormessage.o
                0x08023a34                ErrorMessage::PrintError(unsigned long, ERROR_MESSAGE_NUM)
 .text._ZN12ErrorMessage14PrintAllErrorsEv
                0x08023a60       0x30 obj/errormessage.o
                0x08023a60                ErrorMessage::PrintAllErrors()
 .text._ZL25ConfigureChargeControllerv
                0x08023a90       0x68 obj/pwmgeneration.o
 .text._ZN13PwmGeneration7TrippedEv
                0x08023af8        0xc obj/pwmgeneration.o
                0x08023af8                PwmGeneration::Tripped()
 .text._ZN13PwmGeneration9SetAmpnomEl
                0x08023b04        0xc obj/pwmgeneration.o
                0x08023b04                PwmGeneration::SetAmpnom(long)
 .text._ZN13PwmGeneration8SetFslipEl
                0x08023b10       0x2c obj/pwmgeneration.o
                0x08023b10                PwmGeneration::SetFslip(long)
 .text._ZN13PwmGeneration10GetCpuLoadEv
                0x08023b3c       0x1c obj/pwmgeneration.o
                0x08023b3c                PwmGeneration::GetCpuLoad()
 .text._ZN13PwmGeneration12EnableOutputEv
                0x08023b58       0x48 obj/pwmgeneration.o
                0x08023b58                PwmGeneration::EnableOutput()
 .text._ZN13PwmGeneration13DisableOutputEv
                0x08023ba0       0x3c obj/pwmgeneration.o
                0x08023ba0                PwmGeneration::DisableOutput()
 .text._ZN13PwmGeneration18EnableChargeOutputEv
                0x08023bdc       0x5c obj/pwmgeneration.o
                0x08023bdc                PwmGeneration::EnableChargeOutput()
 .text._ZN13PwmGeneration9SetOpmodeEi
                0x08023c38       0xa8 obj/pwmgeneration.o
                0x08023c38                PwmGeneration::SetOpmode(int)
 .text._ZN13PwmGeneration24SetCurrentLimitThresholdEl
                0x08023ce0       0x98 obj/pwmgeneration.o
                0x08023ce0                PwmGeneration::SetCurrentLimitThreshold(long)
 .text._ZN13PwmGeneration16SetCurrentOffsetEii
                0x08023d78       0x44 obj/pwmgeneration.o
                0x08023d78                PwmGeneration::SetCurrentOffset(int, int)
 .text._ZN13PwmGeneration16SetChargeCurrentEf
                0x08023dbc       0x14 obj/pwmgeneration.o
                0x08023dbc                PwmGeneration::SetChargeCurrent(float)
 .text._ZN13PwmGeneration10TimerSetupEtb
                0x08023dd0      0x1c4 obj/pwmgeneration.o
                0x08023dd0                PwmGeneration::TimerSetup(unsigned short, bool)
 .text._ZN13PwmGeneration16AcHeatTimerSetupEv
                0x08023f94       0x48 obj/pwmgeneration.o
                0x08023f94                PwmGeneration::AcHeatTimerSetup()
 .text.startup._GLOBAL__sub_I__ZN13PwmGeneration6pwmfrqE
                0x08023fdc        0xc obj/pwmgeneration.o
 .text._ZN5Maths10ClarkeParkEfRKNS_11tThreePhaseE
                0x08023fe8       0x60 obj/VehicleSimulation.o
                0x08023fe8                Maths::ClarkePark(float, Maths::tThreePhase const&)
 .text._ZN5Maths13InvClarkeParkEfRKNS_11tTwoPhaseDQE
                0x08024048       0x68 obj/VehicleSimulation.o
                0x08024048                Maths::InvClarkePark(float, Maths::tTwoPhaseDQ const&)
 .text._Z9set_w_reff
                0x080240b0        0xc obj/VehicleSimulation.o
                0x080240b0                set_w_ref(float)
 *fill*         0x080240bc        0x4 
 .text._Z16DrivingCycleTaskv
                0x080240c0       0xfc obj/VehicleSimulation.o
                0x080240c0                DrivingCycleTask()
 .text._Z7get_iasv
                0x080241bc       0x38 obj/VehicleSimulation.o
                0x080241bc                get_ias()
 .text._Z7get_ibsv
                0x080241f4       0x38 obj/VehicleSimulation.o
                0x080241f4                get_ibs()
 *fill*         0x0802422c        0x4 
 .text._Z14TorqueGenMotorfff
                0x08024230      0x77c obj/VehicleSimulation.o
                0x08024230                TorqueGenMotor(float, float, float)
 *fill*         0x080249ac        0x4 
 .text._Z6clutchv
                0x080249b0      0x384 obj/VehicleSimulation.o
                0x080249b0                clutch()
 *fill*         0x08024d34        0x4 
 .text._Z6get_wrfff
                0x08024d38      0x60c obj/VehicleSimulation.o
                0x08024d38                get_wr(float, float, float)
 .text.startup._GLOBAL__sub_I_T_G_R
                0x08025344       0x2c obj/VehicleSimulation.o
 .text._Z20get_V__D_C_minus_Tenf
                0x08025370       0x88 obj/battery_simulation.o
                0x08025370                get_V__D_C_minus_Ten(float)
 .text._Z15get_V__D_C_zerof
                0x080253f8       0x8c obj/battery_simulation.o
                0x080253f8                get_V__D_C_zero(float)
 *fill*         0x08025484        0x4 
 .text._Z14get_V__D_C_Tenf
                0x08025488       0x8c obj/battery_simulation.o
                0x08025488                get_V__D_C_Ten(float)
 *fill*         0x08025514        0x4 
 .text._Z22get_V__D_C_Twenty_fivef
                0x08025518       0x8c obj/battery_simulation.o
                0x08025518                get_V__D_C_Twenty_five(float)
 .text._ZN18battery_simulationC2Ev
                0x080255a4        0x2 obj/battery_simulation.o
                0x080255a4                battery_simulation::battery_simulation()
                0x080255a4                battery_simulation::battery_simulation()
 *fill*         0x080255a6        0x2 
 .text._ZN18battery_simulation7get_VDCEv
                0x080255a8      0x3ac obj/battery_simulation.o
                0x080255a8                battery_simulation::get_VDC()
 .text._ZN18battery_simulationD2Ev
                0x08025954        0x2 obj/battery_simulation.o
                0x08025954                battery_simulation::~battery_simulation()
                0x08025954                battery_simulation::~battery_simulation()
 *fill*         0x08025956        0x2 
 .text.startup._GLOBAL__sub_I_T
                0x08025958       0x90 obj/variables.o
 .text._ZN12PiControllerC2Ev
                0x080259e8       0x14 obj/picontroller.o
                0x080259e8                PiController::PiController()
                0x080259e8                PiController::PiController()
 .text._ZN10RotFluxAngC2Ev
                0x080259fc       0x20 obj/Rot_Flux_Ang.o
                0x080259fc                RotFluxAng::RotFluxAng()
                0x080259fc                RotFluxAng::RotFluxAng()
 *fill*         0x08025a1c        0x4 
 .text._ZN10RotFluxAng11RotFluxAng_Efffff
                0x08025a20      0x158 obj/Rot_Flux_Ang.o
                0x08025a20                RotFluxAng::RotFluxAng_(float, float, float, float, float)
 .text._ZN10RotFluxAng6get_wmEv
                0x08025b78        0x4 obj/Rot_Flux_Ang.o
                0x08025b78                RotFluxAng::get_wm()
 .text._ZN10RotFluxAng7get_imrEv
                0x08025b7c        0x4 obj/Rot_Flux_Ang.o
                0x08025b7c                RotFluxAng::get_imr()
 .text._ZN5Maths7InvParkEfRKNS_11tTwoPhaseDQE
                0x08025b80       0x48 obj/ifoc.o
                0x08025b80                Maths::InvPark(float, Maths::tTwoPhaseDQ const&)
 .text._Z7d2y_nt_fff
                0x08025bc8       0x30 obj/ifoc.o
                0x08025bc8                d2y_nt_(float, float, float)
 .text._ZN4IFOC17calc_max_mod_voltEN5Maths9tTwoPhaseE
                0x08025bf8      0x1b0 obj/ifoc.o
                0x08025bf8                IFOC::calc_max_mod_volt(Maths::tTwoPhase)
 .text._ZN4IFOCC2Ev
                0x08025da8      0x360 obj/ifoc.o
                0x08025da8                IFOC::IFOC()
                0x08025da8                IFOC::IFOC()
 .text._ZN4IFOC8exc_v_PIEv
                0x08026108      0x418 obj/ifoc.o
                0x08026108                IFOC::exc_v_PI()
 .text._ZN4IFOC13GetDutyCyclesEfffff
                0x08026520     0x1a88 obj/ifoc.o
                0x08026520                IFOC::GetDutyCycles(float, float, float, float, float)
 .text._ZN4IFOCD2Ev
                0x08027fa8        0x2 obj/ifoc.o
                0x08027fa8                IFOC::~IFOC()
                0x08027fa8                IFOC::~IFOC()
 *fill*         0x08027faa        0x6 
 .text.startup._GLOBAL__sub_I_torquePercent
                0x08027fb0      0x304 obj/ifoc.o
 .text._ZN4_pidC2Ev
                0x080282b4       0x34 obj/tpid_class.o
                0x080282b4                _pid::_pid()
                0x080282b4                _pid::_pid()
 .text._ZN4_pid8init_pidElllll
                0x080282e8       0x28 obj/tpid_class.o
                0x080282e8                _pid::init_pid(long, long, long, long, long)
 .text._ZN4_pid8calc_pidEv
                0x08028310       0xb4 obj/tpid_class.o
                0x08028310                _pid::calc_pid()
 .text._ZN4_pid11act_min_maxEll
                0x080283c4        0x6 obj/tpid_class.o
                0x080283c4                _pid::act_min_max(long, long)
 .text._ZN4_pid8tune_pidElll
                0x080283ca        0x8 obj/tpid_class.o
                0x080283ca                _pid::tune_pid(long, long, long)
 *fill*         0x080283d2        0x2 
 .text._ZN16TerminalCommands11PrintCanMapEN5Param9PARAM_NUMEmhafab
                0x080283d4       0x70 obj/terminalcommands.o
                0x080283d4                TerminalCommands::PrintCanMap(Param::PARAM_NUM, unsigned long, unsigned char, signed char, float, signed char, bool)
 .text._ZN16TerminalCommands8ParamSetEP8TerminalPc
                0x08028444       0x68 obj/terminalcommands.o
                0x08028444                TerminalCommands::ParamSet(Terminal*, char*)
 .text._ZN16TerminalCommands8ParamGetEP8TerminalPc
                0x080284ac       0x5c obj/terminalcommands.o
                0x080284ac                TerminalCommands::ParamGet(Terminal*, char*)
 .text._ZN16TerminalCommands9ParamFlagEP8TerminalPc
                0x08028508       0x94 obj/terminalcommands.o
                0x08028508                TerminalCommands::ParamFlag(Terminal*, char*)
 .text._ZN16TerminalCommands15PrintParamsJsonEP8IPutCharPc
                0x0802859c      0x148 obj/terminalcommands.o
                0x0802859c                TerminalCommands::PrintParamsJson(IPutChar*, char*)
 .text._ZN16TerminalCommands6MapCanEP8TerminalPc
                0x080286e4      0x1dc obj/terminalcommands.o
                0x080286e4                TerminalCommands::MapCan(Terminal*, char*)
 .text._ZN16TerminalCommands14SaveParametersEP8TerminalPc
                0x080288c0       0x44 obj/terminalcommands.o
                0x080288c0                TerminalCommands::SaveParameters(Terminal*, char*)
 .text._ZN16TerminalCommands14LoadParametersEP8TerminalPc
                0x08028904       0x2c obj/terminalcommands.o
                0x08028904                TerminalCommands::LoadParameters(Terminal*, char*)
 .text._ZN16TerminalCommands5ResetEP8TerminalPc
                0x08028930        0x6 obj/terminalcommands.o
                0x08028930                TerminalCommands::Reset(Terminal*, char*)
 .text._ZN16TerminalCommands19ParamNamesToIndexesEPcPN5Param9PARAM_NUMEm
                0x08028936       0x48 obj/terminalcommands.o
                0x08028936                TerminalCommands::ParamNamesToIndexes(char*, Param::PARAM_NUM*, unsigned long)
 *fill*         0x0802897e        0x2 
 .text._ZN16TerminalCommands11ParamStreamEP8TerminalPc
                0x08028980       0xc8 obj/terminalcommands.o
                0x08028980                TerminalCommands::ParamStream(Terminal*, char*)
 .text._ZN23FunctionPointerCallback8HandleRxEmPmh
                0x08028a48       0x14 obj/vehiclecontrol.o
                0x08028a48                FunctionPointerCallback::HandleRx(unsigned long, unsigned long*, unsigned char)
 .text._ZN23FunctionPointerCallback11HandleClearEv
                0x08028a5c        0x4 obj/vehiclecontrol.o
                0x08028a5c                FunctionPointerCallback::HandleClear()
 .text._ZN14VehicleControl8CanClearEv
                0x08028a60       0x20 obj/vehiclecontrol.o
                0x08028a60                VehicleControl::CanClear()
 .text._ZN14VehicleControl10CanReceiveEmPmh
                0x08028a80      0x104 obj/vehiclecontrol.o
                0x08028a80                VehicleControl::CanReceive(unsigned long, unsigned long*, unsigned char)
 .text._ZN5DigIo3SetEv
                0x08028b84        0x8 obj/vehiclecontrol.o
                0x08028b84                DigIo::Set()
 .text._ZN5DigIo5ClearEv
                0x08028b8c        0x8 obj/vehiclecontrol.o
                0x08028b8c                DigIo::Clear()
 .text._ZN14VehicleControl6SetCanEP11CanHardware
                0x08028b94       0x30 obj/vehiclecontrol.o
                0x08028b94                VehicleControl::SetCan(CanHardware*)
 .text._ZN14VehicleControl18PostErrorIfRunningE17ERROR_MESSAGE_NUM
                0x08028bc4       0x1a obj/vehiclecontrol.o
                0x08028bc4                VehicleControl::PostErrorIfRunning(ERROR_MESSAGE_NUM)
 .text._ZN14VehicleControl15SelectDirectionEv
                0x08028bde       0xfc obj/vehiclecontrol.o
                0x08028bde                VehicleControl::SelectDirection()
 *fill*         0x08028cda        0x2 
 .text._ZN14VehicleControl21SetContactorsOffStateEv
                0x08028cdc       0x38 obj/vehiclecontrol.o
                0x08028cdc                VehicleControl::SetContactorsOffState()
 .text._ZN14VehicleControl12GetDigInputsEv
                0x08028d14      0x144 obj/vehiclecontrol.o
                0x08028d14                VehicleControl::GetDigInputs()
 .text._ZN14VehicleControl8GetTempsERfS0_
                0x08028e58      0x1f4 obj/vehiclecontrol.o
                0x08028e58                VehicleControl::GetTemps(float&, float&)
 .text._ZN14VehicleControl17CalcAndOutputTempEv
                0x0802904c      0x160 obj/vehiclecontrol.o
                0x0802904c                VehicleControl::CalcAndOutputTemp()
 .text._ZN14VehicleControl22GetUserThrottleCommandEv
                0x080291ac      0x1b8 obj/vehiclecontrol.o
                0x080291ac                VehicleControl::GetUserThrottleCommand()
 .text._ZN14VehicleControl13CruiseControlEv
                0x08029364       0xf8 obj/vehiclecontrol.o
                0x08029364                VehicleControl::CruiseControl()
 .text._ZN14VehicleControl21GetCruiseCreepCommandERff
                0x0802945c      0x174 obj/vehiclecontrol.o
                0x0802945c                VehicleControl::GetCruiseCreepCommand(float&, float)
 .text._ZN14VehicleControl15ProcessThrottleEv
                0x080295d0      0x198 obj/vehiclecontrol.o
                0x080295d0                VehicleControl::ProcessThrottle()
 .text._ZN14VehicleControl13BmwAdcAcquireEv
                0x08029768       0x94 obj/vehiclecontrol.o
                0x08029768                VehicleControl::BmwAdcAcquire()
 .text._ZN14VehicleControl10ProcessUdcEv
                0x080297fc      0x230 obj/vehiclecontrol.o
                0x080297fc                VehicleControl::ProcessUdc()
 .text.startup._GLOBAL__sub_I__ZN14VehicleControl3canE
                0x08029a2c       0x20 obj/vehiclecontrol.o
 .text._ZN8Stm32Can11SetBaudrateEN11CanHardware9baudratesE
                0x08029a4c       0x3c obj/stm32_can.o
                0x08029a4c                Stm32Can::SetBaudrate(CanHardware::baudrates)
 .text._ZN8Stm32Can4SendEmPmh
                0x08029a88       0x70 obj/stm32_can.o
                0x08029a88                Stm32Can::Send(unsigned long, unsigned long*, unsigned char)
 .text._ZN8Stm32Can13HandleMessageEi
                0x08029af8       0x52 obj/stm32_can.o
                0x08029af8                Stm32Can::HandleMessage(int)
 .text._ZN8Stm32Can8HandleTxEv
                0x08029b4a       0x68 obj/stm32_can.o
                0x08029b4a                Stm32Can::HandleTx()
 .text._ZN8Stm32Can13SetFilterBankERiS0_Pt
                0x08029bb2       0x48 obj/stm32_can.o
                0x08029bb2                Stm32Can::SetFilterBank(int&, int&, unsigned short*)
 .text._ZN8Stm32Can17SetFilterBankMaskERiS0_Pt
                0x08029bfa       0x4c obj/stm32_can.o
                0x08029bfa                Stm32Can::SetFilterBankMask(int&, int&, unsigned short*)
 .text._ZN8Stm32Can15SetFilterBank29ERiS0_Pm
                0x08029c46       0x36 obj/stm32_can.o
                0x08029c46                Stm32Can::SetFilterBank29(int&, int&, unsigned long*)
 .text._ZN8Stm32Can16ConfigureFiltersEv
                0x08029c7c      0x110 obj/stm32_can.o
                0x08029c7c                Stm32Can::ConfigureFilters()
 .text._ZN8Stm32CanC2EmN11CanHardware9baudratesEb
                0x08029d8c       0xf4 obj/stm32_can.o
                0x08029d8c                Stm32Can::Stm32Can(unsigned long, CanHardware::baudrates, bool)
                0x08029d8c                Stm32Can::Stm32Can(unsigned long, CanHardware::baudrates, bool)
 .text.can2_rx0_isr
                0x08029e80       0x10 obj/stm32_can.o
                0x08029e80                can2_rx0_isr
 .text.can2_rx1_isr
                0x08029e90       0x10 obj/stm32_can.o
                0x08029e90                can2_rx1_isr
 .text.can2_tx_isr
                0x08029ea0        0xc obj/stm32_can.o
                0x08029ea0                can2_tx_isr
 .text._ZN6CanMap11HandleClearEv
                0x08029eac       0x2e obj/canmap.o
                0x08029eac                CanMap::HandleClear()
 *fill*         0x08029eda        0x2 
 .text._ZN6CanMap7SendAllEv
                0x08029edc       0xbc obj/canmap.o
                0x08029edc                CanMap::SendAll()
 .text._ZN6CanMap6RemoveEbhh
                0x08029f98       0x82 obj/canmap.o
                0x08029f98                CanMap::Remove(bool, unsigned char, unsigned char)
 .text._ZN6CanMap6RemoveEN5Param9PARAM_NUME
                0x0802a01a       0x70 obj/canmap.o
                0x0802a01a                CanMap::Remove(Param::PARAM_NUM)
 .text._ZN6CanMap7FindMapEN5Param9PARAM_NUMERmRhRaRfS4_Rb
                0x0802a08a       0x82 obj/canmap.o
                0x0802a08a                CanMap::FindMap(Param::PARAM_NUM, unsigned long&, unsigned char&, signed char&, float&, signed char&, bool&)
 .text._ZN6CanMap6GetMapEbhhRm
                0x0802a10c       0x40 obj/canmap.o
                0x0802a10c                CanMap::GetMap(bool, unsigned char, unsigned char, unsigned long&)
 .text._ZN6CanMap13IterateCanMapEPFvN5Param9PARAM_NUMEmhafabE
                0x0802a14c       0x80 obj/canmap.o
                0x0802a14c                CanMap::IterateCanMap(void (*)(Param::PARAM_NUM, unsigned long, unsigned char, signed char, float, signed char, bool))
 .text._ZN6CanMap8ClearMapEPNS_8CANIDMAPE
                0x0802a1cc       0x20 obj/canmap.o
                0x0802a1cc                CanMap::ClearMap(CanMap::CANIDMAP*)
 .text._ZN6CanMap5ClearEv
                0x0802a1ec       0x20 obj/canmap.o
                0x0802a1ec                CanMap::Clear()
 .text._ZN6CanMap11SaveToFlashEmPmi
                0x0802a20c       0x30 obj/canmap.o
                0x0802a20c                CanMap::SaveToFlash(unsigned long, unsigned long*, int)
 .text._ZN6CanMap8FindByIdEPNS_8CANIDMAPEm
                0x0802a23c       0x1a obj/canmap.o
                0x0802a23c                CanMap::FindById(CanMap::CANIDMAP*, unsigned long)
 *fill*         0x0802a256        0x2 
 .text._ZN6CanMap8HandleRxEmPmh
                0x0802a258      0x12c obj/canmap.o
                0x0802a258                CanMap::HandleRx(unsigned long, unsigned long*, unsigned char)
 .text._ZN6CanMap3AddEPNS_8CANIDMAPEN5Param9PARAM_NUMEmhafa
                0x0802a384       0xda obj/canmap.o
                0x0802a384                CanMap::Add(CanMap::CANIDMAP*, Param::PARAM_NUM, unsigned long, unsigned char, signed char, float, signed char)
 .text._ZN6CanMap7AddSendEN5Param9PARAM_NUMEmhafa
                0x0802a45e       0x24 obj/canmap.o
                0x0802a45e                CanMap::AddSend(Param::PARAM_NUM, unsigned long, unsigned char, signed char, float, signed char)
 .text._ZN6CanMap7AddRecvEN5Param9PARAM_NUMEmhafa
                0x0802a482       0x36 obj/canmap.o
                0x0802a482                CanMap::AddRecv(Param::PARAM_NUM, unsigned long, unsigned char, signed char, float, signed char)
 .text._ZZN6CanMap19LegacyLoadFromFlashEvENKUlPZNS_19LegacyLoadFromFlashEvE15LEGACY_CANIDMAPPNS_8CANIDMAPEbE_clES1_S3_b
                0x0802a4b8       0xa4 obj/canmap.o
 .text._ZN6CanMap19LegacyLoadFromFlashEv
                0x0802a55c       0x50 obj/canmap.o
                0x0802a55c                CanMap::LegacyLoadFromFlash()
 .text._ZN6CanMap21ReplaceParamEnumByUidEPNS_8CANIDMAPE
                0x0802a5ac       0x3e obj/canmap.o
                0x0802a5ac                CanMap::ReplaceParamEnumByUid(CanMap::CANIDMAP*)
 .text._ZN6CanMap21ReplaceParamUidByEnumEPNS_8CANIDMAPE
                0x0802a5ea       0x3c obj/canmap.o
                0x0802a5ea                CanMap::ReplaceParamUidByEnum(CanMap::CANIDMAP*)
 *fill*         0x0802a626        0x2 
 .text._ZN6CanMap4SaveEv
                0x0802a628       0xbc obj/canmap.o
                0x0802a628                CanMap::Save()
 .text._ZN6CanMap13LoadFromFlashEv
                0x0802a6e4       0x70 obj/canmap.o
                0x0802a6e4                CanMap::LoadFromFlash()
 .text._ZN6CanMapC2EP11CanHardwareb
                0x0802a754       0x40 obj/canmap.o
                0x0802a754                CanMap::CanMap(CanHardware*, bool)
                0x0802a754                CanMap::CanMap(CanHardware*, bool)
 .text._ZN12NullCallback8HandleRxEmPmh
                0x0802a794        0x4 obj/canhardware.o
                0x0802a794                NullCallback::HandleRx(unsigned long, unsigned long*, unsigned char)
 .text._ZN12NullCallback11HandleClearEv
                0x0802a798        0x2 obj/canhardware.o
                0x0802a798                NullCallback::HandleClear()
 *fill*         0x0802a79a        0x2 
 .text._ZN11CanHardwareC2Ev
                0x0802a79c       0x28 obj/canhardware.o
                0x0802a79c                CanHardware::CanHardware()
                0x0802a79c                CanHardware::CanHardware()
 .text._ZN11CanHardware11AddCallbackEP11CanCallback
                0x0802a7c4       0x1e obj/canhardware.o
                0x0802a7c4                CanHardware::AddCallback(CanCallback*)
 .text._ZN11CanHardware19RegisterUserMessageEmm
                0x0802a7e2       0x3a obj/canhardware.o
                0x0802a7e2                CanHardware::RegisterUserMessage(unsigned long, unsigned long)
 .text._ZN11CanHardware17ClearUserMessagesEv
                0x0802a81c       0x2c obj/canhardware.o
                0x0802a81c                CanHardware::ClearUserMessages()
 .text._ZN11CanHardware8HandleRxEmPmh
                0x0802a848       0x38 obj/canhardware.o
                0x0802a848                CanHardware::HandleRx(unsigned long, unsigned long*, unsigned char)
 .text._ZN6CanSdo7PutCharEc
                0x0802a880       0x1e obj/cansdo.o
                0x0802a880                CanSdo::PutChar(char)
 .text._ZThn4_N6CanSdo7PutCharEc
                0x0802a89e        0x8 obj/cansdo.o
                0x0802a89e                non-virtual thunk to CanSdo::PutChar(char)
 .text._ZN6CanSdo11HandleClearEv
                0x0802a8a6       0x2a obj/cansdo.o
                0x0802a8a6                CanSdo::HandleClear()
 .text._ZN6CanSdoC2EP11CanHardwareP6CanMap
                0x0802a8d0       0x38 obj/cansdo.o
                0x0802a8d0                CanSdo::CanSdo(CanHardware*, CanMap*)
                0x0802a8d0                CanSdo::CanSdo(CanHardware*, CanMap*)
 .text._ZN6CanSdo9SetNodeIdEh
                0x0802a908        0x8 obj/cansdo.o
                0x0802a908                CanSdo::SetNodeId(unsigned char)
 .text._ZN6CanSdo24ProcessSpecialSDOObjectsEPNS_7CAN_SDOE
                0x0802a910       0xec obj/cansdo.o
                0x0802a910                CanSdo::ProcessSpecialSDOObjects(CanSdo::CAN_SDO*)
 .text._ZN6CanSdo18ReadOrDeleteCanMapEPNS_7CAN_SDOE
                0x0802a9fc       0xc0 obj/cansdo.o
                0x0802a9fc                CanSdo::ReadOrDeleteCanMap(CanSdo::CAN_SDO*)
 .text._ZN6CanSdo9AddCanMapEPNS_7CAN_SDOEb
                0x0802aabc       0xd4 obj/cansdo.o
                0x0802aabc                CanSdo::AddCanMap(CanSdo::CAN_SDO*, bool)
 .text._ZN6CanSdo10ProcessSDOEPm
                0x0802ab90      0x10a obj/cansdo.o
                0x0802ab90                CanSdo::ProcessSDO(unsigned long*)
 .text._ZN6CanSdo8HandleRxEmPmh
                0x0802ac9a       0x38 obj/cansdo.o
                0x0802ac9a                CanSdo::HandleRx(unsigned long, unsigned long*, unsigned char)
 *fill*         0x0802acd2        0x2 
 .text._ZN13PwmGeneration16SetTorquePercentEf
                0x0802acd4      0x1bc obj/pwmgeneration-sine.o
                0x0802acd4                PwmGeneration::SetTorquePercent(float)
 .text._ZN13PwmGeneration7PwmInitEv
                0x0802ae90       0x7c obj/pwmgeneration-sine.o
                0x0802ae90                PwmGeneration::PwmInit()
 .text          0x0802af0c       0x68 /usr/lib/gcc/arm-none-eabi/12.2.1/../../../arm-none-eabi/lib/thumb/v7/nofp/libm.a(lib_a-sf_cos.o)
                0x0802af0c                cosf
 .text          0x0802af74       0x70 /usr/lib/gcc/arm-none-eabi/12.2.1/../../../arm-none-eabi/lib/thumb/v7/nofp/libm.a(lib_a-sf_sin.o)
                0x0802af74                sinf
 *fill*         0x0802afe4        0x4 
 .text          0x0802afe8       0x80 /usr/lib/gcc/arm-none-eabi/12.2.1/../../../arm-none-eabi/lib/thumb/v7/nofp/libm.a(lib_a-w_cosh.o)
                0x0802afe8                cosh
 .text          0x0802b068       0x90 /usr/lib/gcc/arm-none-eabi/12.2.1/../../../arm-none-eabi/lib/thumb/v7/nofp/libm.a(lib_a-w_log.o)
                0x0802b068                log
 .text          0x0802b0f8      0x190 /usr/lib/gcc/arm-none-eabi/12.2.1/../../../arm-none-eabi/lib/thumb/v7/nofp/libm.a(lib_a-w_pow.o)
                0x0802b0f8                pow
 .text          0x0802b288       0x74 /usr/lib/gcc/arm-none-eabi/12.2.1/../../../arm-none-eabi/lib/thumb/v7/nofp/libm.a(lib_a-w_sqrt.o)
                0x0802b288                sqrt
 .text          0x0802b2fc        0x4 /usr/lib/gcc/arm-none-eabi/12.2.1/../../../arm-none-eabi/lib/thumb/v7/nofp/libm.a(lib_a-wf_atan2.o)
                0x0802b2fc                atan2f
 .text          0x0802b300       0x58 /usr/lib/gcc/arm-none-eabi/12.2.1/../../../arm-none-eabi/lib/thumb/v7/nofp/libm.a(lib_a-wf_sqrt.o)
                0x0802b300                sqrtf
 .text          0x0802b358      0x180 /usr/lib/gcc/arm-none-eabi/12.2.1/../../../arm-none-eabi/lib/thumb/v7/nofp/libm.a(lib_a-e_cosh.o)
                0x0802b358                __ieee754_cosh
 .text          0x0802b4d8      0x380 /usr/lib/gcc/arm-none-eabi/12.2.1/../../../arm-none-eabi/lib/thumb/v7/nofp/libm.a(lib_a-e_exp.o)
                0x0802b4d8                __ieee754_exp
 .text          0x0802b858      0x3f0 /usr/lib/gcc/arm-none-eabi/12.2.1/../../../arm-none-eabi/lib/thumb/v7/nofp/libm.a(lib_a-e_log.o)
                0x0802b858                __ieee754_log
 .text          0x0802bc48      0xbc0 /usr/lib/gcc/arm-none-eabi/12.2.1/../../../arm-none-eabi/lib/thumb/v7/nofp/libm.a(lib_a-e_pow.o)
                0x0802bc48                __ieee754_pow
 .text          0x0802c808      0x17c /usr/lib/gcc/arm-none-eabi/12.2.1/../../../arm-none-eabi/lib/thumb/v7/nofp/libm.a(lib_a-e_sqrt.o)
                0x0802c808                __ieee754_sqrt
 .text          0x0802c984      0x13c /usr/lib/gcc/arm-none-eabi/12.2.1/../../../arm-none-eabi/lib/thumb/v7/nofp/libm.a(lib_a-ef_atan2.o)
                0x0802c984                __ieee754_atan2f
 .text          0x0802cac0      0x340 /usr/lib/gcc/arm-none-eabi/12.2.1/../../../arm-none-eabi/lib/thumb/v7/nofp/libm.a(lib_a-ef_rem_pio2.o)
                0x0802cac0                __ieee754_rem_pio2f
 .text          0x0802ce00       0xa8 /usr/lib/gcc/arm-none-eabi/12.2.1/../../../arm-none-eabi/lib/thumb/v7/nofp/libm.a(lib_a-ef_sqrt.o)
                0x0802ce00                __ieee754_sqrtf
 .text          0x0802cea8      0x1bc /usr/lib/gcc/arm-none-eabi/12.2.1/../../../arm-none-eabi/lib/thumb/v7/nofp/libm.a(lib_a-kf_cos.o)
                0x0802cea8                __kernel_cosf
 .text          0x0802d064      0x724 /usr/lib/gcc/arm-none-eabi/12.2.1/../../../arm-none-eabi/lib/thumb/v7/nofp/libm.a(lib_a-kf_rem_pio2.o)
                0x0802d064                __kernel_rem_pio2f
 .text          0x0802d788      0x100 /usr/lib/gcc/arm-none-eabi/12.2.1/../../../arm-none-eabi/lib/thumb/v7/nofp/libm.a(lib_a-kf_sin.o)
                0x0802d788                __kernel_sinf
 .text          0x0802d888      0x494 /usr/lib/gcc/arm-none-eabi/12.2.1/../../../arm-none-eabi/lib/thumb/v7/nofp/libm.a(lib_a-s_expm1.o)
                0x0802d888                expm1
 .text          0x0802dd1c        0x8 /usr/lib/gcc/arm-none-eabi/12.2.1/../../../arm-none-eabi/lib/thumb/v7/nofp/libm.a(lib_a-s_fabs.o)
                0x0802dd1c                fabs
 .text          0x0802dd24        0xc /usr/lib/gcc/arm-none-eabi/12.2.1/../../../arm-none-eabi/lib/thumb/v7/nofp/libm.a(lib_a-s_finite.o)
                0x0802dd24                finite
 .text          0x0802dd30        0xc /usr/lib/gcc/arm-none-eabi/12.2.1/../../../arm-none-eabi/lib/thumb/v7/nofp/libm.a(lib_a-s_nan.o)
                0x0802dd30                nan
 .text          0x0802dd3c      0x13c /usr/lib/gcc/arm-none-eabi/12.2.1/../../../arm-none-eabi/lib/thumb/v7/nofp/libm.a(lib_a-s_rint.o)
                0x0802dd3c                rint
 .text          0x0802de78       0xf0 /usr/lib/gcc/arm-none-eabi/12.2.1/../../../arm-none-eabi/lib/thumb/v7/nofp/libm.a(lib_a-s_scalbn.o)
                0x0802de78                scalbn
 .text          0x0802df68      0x258 /usr/lib/gcc/arm-none-eabi/12.2.1/../../../arm-none-eabi/lib/thumb/v7/nofp/libm.a(lib_a-sf_atan.o)
                0x0802df68                atanf
 .text          0x0802e1c0        0x8 /usr/lib/gcc/arm-none-eabi/12.2.1/../../../arm-none-eabi/lib/thumb/v7/nofp/libm.a(lib_a-sf_fabs.o)
                0x0802e1c0                fabsf
 .text          0x0802e1c8       0x90 /usr/lib/gcc/arm-none-eabi/12.2.1/../../../arm-none-eabi/lib/thumb/v7/nofp/libm.a(lib_a-sf_floor.o)
                0x0802e1c8                floorf
 .text          0x0802e258       0xb4 /usr/lib/gcc/arm-none-eabi/12.2.1/../../../arm-none-eabi/lib/thumb/v7/nofp/libm.a(lib_a-sf_scalbn.o)
                0x0802e258                scalbnf
 .text          0x0802e30c      0x138 /usr/lib/gcc/arm-none-eabi/12.2.1/../../../arm-none-eabi/lib/thumb/v7/nofp/libm.a(lib_a-math_err.o)
                0x0802e350                __math_uflow
                0x0802e358                __math_may_uflow
                0x0802e364                __math_oflow
                0x0802e36c                __math_divzero
                0x0802e39c                __math_invalid
                0x0802e3d8                __math_check_uflow
                0x0802e3fc                __math_check_oflow
 .text.adc_power_off
                0x0802e444        0xa libopencm3/lib/libopencm3_stm32f4.a(adc_common_v1.o)
                0x0802e444                adc_power_off
 .text.adc_enable_scan_mode
                0x0802e44e        0xa libopencm3/lib/libopencm3_stm32f4.a(adc_common_v1.o)
                0x0802e44e                adc_enable_scan_mode
 .text.adc_set_right_aligned
                0x0802e458        0xa libopencm3/lib/libopencm3_stm32f4.a(adc_common_v1.o)
                0x0802e458                adc_set_right_aligned
 .text.adc_eoc_injected
                0x0802e462        0x8 libopencm3/lib/libopencm3_stm32f4.a(adc_common_v1.o)
                0x0802e462                adc_eoc_injected
 .text.adc_read_injected
                0x0802e46a       0x24 libopencm3/lib/libopencm3_stm32f4.a(adc_common_v1.o)
                0x0802e46a                adc_read_injected
 .text.adc_set_continuous_conversion_mode
                0x0802e48e        0xa libopencm3/lib/libopencm3_stm32f4.a(adc_common_v1.o)
                0x0802e48e                adc_set_continuous_conversion_mode
 .text.adc_set_regular_sequence
                0x0802e498       0x5c libopencm3/lib/libopencm3_stm32f4.a(adc_common_v1.o)
                0x0802e498                adc_set_regular_sequence
 .text.adc_set_injected_sequence
                0x0802e4f4       0x26 libopencm3/lib/libopencm3_stm32f4.a(adc_common_v1.o)
                0x0802e4f4                adc_set_injected_sequence
 .text.adc_set_injected_offset
                0x0802e51a       0x1e libopencm3/lib/libopencm3_stm32f4.a(adc_common_v1.o)
                0x0802e51a                adc_set_injected_offset
 .text.adc_start_conversion_regular
                0x0802e538       0x14 libopencm3/lib/libopencm3_stm32f4.a(adc_common_v1.o)
                0x0802e538                adc_start_conversion_regular
 .text.adc_start_conversion_injected
                0x0802e54c       0x14 libopencm3/lib/libopencm3_stm32f4.a(adc_common_v1.o)
                0x0802e54c                adc_start_conversion_injected
 .text.adc_enable_dma
                0x0802e560        0xa libopencm3/lib/libopencm3_stm32f4.a(adc_common_v1.o)
                0x0802e560                adc_enable_dma
 .text.adc_power_on
                0x0802e56a        0xa libopencm3/lib/libopencm3_stm32f4.a(adc_common_v1_multi.o)
                0x0802e56a                adc_power_on
 .text.adc_enable_external_trigger_injected
                0x0802e574        0xe libopencm3/lib/libopencm3_stm32f4.a(adc_common_v1_multi.o)
                0x0802e574                adc_enable_external_trigger_injected
 .text.adc_set_dma_continue
                0x0802e582        0xa libopencm3/lib/libopencm3_stm32f4.a(adc_common_v1_multi.o)
                0x0802e582                adc_set_dma_continue
 .text.adc_enable_temperature_sensor
                0x0802e58c       0x14 libopencm3/lib/libopencm3_stm32f4.a(adc_common_v1_multi.o)
                0x0802e58c                adc_enable_temperature_sensor
 .text.adc_set_sample_time
                0x0802e5a0       0x34 libopencm3/lib/libopencm3_stm32f4.a(adc_common_f47.o)
                0x0802e5a0                adc_set_sample_time
 .text.adc_set_sample_time_on_all_channels
                0x0802e5d4       0x2a libopencm3/lib/libopencm3_stm32f4.a(adc_common_f47.o)
                0x0802e5d4                adc_set_sample_time_on_all_channels
 *fill*         0x0802e5fe        0x2 
 .text.can_reset
                0x0802e600       0x18 libopencm3/lib/libopencm3_stm32f4.a(can.o)
                0x0802e600                can_reset
 .text.can_init
                0x0802e618      0x12a libopencm3/lib/libopencm3_stm32f4.a(can.o)
                0x0802e618                can_init
 *fill*         0x0802e742        0x2 
 .text.can_filter_init
                0x0802e744       0x98 libopencm3/lib/libopencm3_stm32f4.a(can.o)
                0x0802e744                can_filter_init
 .text.can_filter_id_mask_16bit_init
                0x0802e7dc       0x20 libopencm3/lib/libopencm3_stm32f4.a(can.o)
                0x0802e7dc                can_filter_id_mask_16bit_init
 .text.can_filter_id_list_16bit_init
                0x0802e7fc       0x20 libopencm3/lib/libopencm3_stm32f4.a(can.o)
                0x0802e7fc                can_filter_id_list_16bit_init
 .text.can_filter_id_list_32bit_init
                0x0802e81c       0x1a libopencm3/lib/libopencm3_stm32f4.a(can.o)
                0x0802e81c                can_filter_id_list_32bit_init
 .text.can_enable_irq
                0x0802e836        0x8 libopencm3/lib/libopencm3_stm32f4.a(can.o)
                0x0802e836                can_enable_irq
 .text.can_disable_irq
                0x0802e83e        0xa libopencm3/lib/libopencm3_stm32f4.a(can.o)
                0x0802e83e                can_disable_irq
 .text.can_transmit
                0x0802e848       0xca libopencm3/lib/libopencm3_stm32f4.a(can.o)
                0x0802e848                can_transmit
 .text.can_fifo_release
                0x0802e912       0x16 libopencm3/lib/libopencm3_stm32f4.a(can.o)
                0x0802e912                can_fifo_release
 .text.can_fifo_pending
                0x0802e928        0xe libopencm3/lib/libopencm3_stm32f4.a(can.o)
                0x0802e928                can_fifo_pending
 .text.can_receive
                0x0802e936       0xb8 libopencm3/lib/libopencm3_stm32f4.a(can.o)
                0x0802e936                can_receive
 *fill*         0x0802e9ee        0x2 
 .text.crc_reset
                0x0802e9f0       0x10 libopencm3/lib/libopencm3_stm32f4.a(crc_common_all.o)
                0x0802e9f0                crc_reset
 .text.crc_calculate
                0x0802ea00        0xc libopencm3/lib/libopencm3_stm32f4.a(crc_common_all.o)
                0x0802ea00                crc_calculate
 .text.crc_calculate_block
                0x0802ea0c       0x1c libopencm3/lib/libopencm3_stm32f4.a(crc_common_all.o)
                0x0802ea0c                crc_calculate_block
 .text.desig_get_flash_size
                0x0802ea28       0x10 libopencm3/lib/libopencm3_stm32f4.a(desig_common_v1.o)
                0x0802ea28                desig_get_flash_size
 .text.dma_stream_reset
                0x0802ea38       0x4c libopencm3/lib/libopencm3_stm32f4.a(dma_common_f24.o)
                0x0802ea38                dma_stream_reset
 .text.dma_clear_interrupt_flags
                0x0802ea84       0x1e libopencm3/lib/libopencm3_stm32f4.a(dma_common_f24.o)
                0x0802ea84                dma_clear_interrupt_flags
 .text.dma_get_interrupt_flag
                0x0802eaa2       0x28 libopencm3/lib/libopencm3_stm32f4.a(dma_common_f24.o)
                0x0802eaa2                dma_get_interrupt_flag
 .text.dma_set_transfer_mode
                0x0802eaca       0x20 libopencm3/lib/libopencm3_stm32f4.a(dma_common_f24.o)
                0x0802eaca                dma_set_transfer_mode
 .text.dma_set_memory_size
                0x0802eaea       0x18 libopencm3/lib/libopencm3_stm32f4.a(dma_common_f24.o)
                0x0802eaea                dma_set_memory_size
 .text.dma_set_peripheral_size
                0x0802eb02       0x18 libopencm3/lib/libopencm3_stm32f4.a(dma_common_f24.o)
                0x0802eb02                dma_set_peripheral_size
 .text.dma_enable_memory_increment_mode
                0x0802eb1a       0x12 libopencm3/lib/libopencm3_stm32f4.a(dma_common_f24.o)
                0x0802eb1a                dma_enable_memory_increment_mode
 .text.dma_enable_circular_mode
                0x0802eb2c       0x12 libopencm3/lib/libopencm3_stm32f4.a(dma_common_f24.o)
                0x0802eb2c                dma_enable_circular_mode
 .text.dma_channel_select
                0x0802eb3e       0x10 libopencm3/lib/libopencm3_stm32f4.a(dma_common_f24.o)
                0x0802eb3e                dma_channel_select
 .text.dma_enable_stream
                0x0802eb4e       0x12 libopencm3/lib/libopencm3_stm32f4.a(dma_common_f24.o)
                0x0802eb4e                dma_enable_stream
 .text.dma_disable_stream
                0x0802eb60       0x12 libopencm3/lib/libopencm3_stm32f4.a(dma_common_f24.o)
                0x0802eb60                dma_disable_stream
 .text.dma_set_peripheral_address
                0x0802eb72       0x10 libopencm3/lib/libopencm3_stm32f4.a(dma_common_f24.o)
                0x0802eb72                dma_set_peripheral_address
 .text.dma_set_memory_address
                0x0802eb82       0x1a libopencm3/lib/libopencm3_stm32f4.a(dma_common_f24.o)
                0x0802eb82                dma_set_memory_address
 .text.dma_get_number_of_data
                0x0802eb9c        0xe libopencm3/lib/libopencm3_stm32f4.a(dma_common_f24.o)
                0x0802eb9c                dma_get_number_of_data
 .text.dma_set_number_of_data
                0x0802ebaa        0xc libopencm3/lib/libopencm3_stm32f4.a(dma_common_f24.o)
                0x0802ebaa                dma_set_number_of_data
 *fill*         0x0802ebb6        0x2 
 .text.exti_set_trigger
                0x0802ebb8       0x48 libopencm3/lib/libopencm3_stm32f4.a(exti_common_all.o)
                0x0802ebb8                exti_set_trigger
 .text.exti_enable_request
                0x0802ec00       0x1c libopencm3/lib/libopencm3_stm32f4.a(exti_common_all.o)
                0x0802ec00                exti_enable_request
 .text.exti_disable_request
                0x0802ec1c       0x20 libopencm3/lib/libopencm3_stm32f4.a(exti_common_all.o)
                0x0802ec1c                exti_disable_request
 .text.exti_reset_request
                0x0802ec3c        0xc libopencm3/lib/libopencm3_stm32f4.a(exti_common_all.o)
                0x0802ec3c                exti_reset_request
 .text.exti_select_source
                0x0802ec48       0xe0 libopencm3/lib/libopencm3_stm32f4.a(exti_common_all.o)
                0x0802ec48                exti_select_source
 .text.flash_set_ws
                0x0802ed28       0x18 libopencm3/lib/libopencm3_stm32f4.a(flash_common_all.o)
                0x0802ed28                flash_set_ws
 .text.flash_unlock
                0x0802ed40       0x1c libopencm3/lib/libopencm3_stm32f4.a(flash_common_f.o)
                0x0802ed40                flash_unlock
 .text.flash_lock
                0x0802ed5c       0x14 libopencm3/lib/libopencm3_stm32f4.a(flash_common_f.o)
                0x0802ed5c                flash_lock
 .text.flash_set_program_size
                0x0802ed70       0x20 libopencm3/lib/libopencm3_stm32f4.a(flash_common_f24.o)
 .text.flash_program_word
                0x0802ed90       0x38 libopencm3/lib/libopencm3_stm32f4.a(flash_common_f24.o)
                0x0802ed90                flash_program_word
 .text.flash_erase_sector
                0x0802edc8       0x70 libopencm3/lib/libopencm3_stm32f4.a(flash_common_f24.o)
                0x0802edc8                flash_erase_sector
 .text.gpio_set
                0x0802ee38        0x4 libopencm3/lib/libopencm3_stm32f4.a(gpio_common_all.o)
                0x0802ee38                gpio_set
 .text.gpio_clear
                0x0802ee3c        0x6 libopencm3/lib/libopencm3_stm32f4.a(gpio_common_all.o)
                0x0802ee3c                gpio_clear
 .text.gpio_get
                0x0802ee42        0x6 libopencm3/lib/libopencm3_stm32f4.a(gpio_common_all.o)
                0x0802ee42                gpio_get
 .text.gpio_toggle
                0x0802ee48       0x12 libopencm3/lib/libopencm3_stm32f4.a(gpio_common_all.o)
                0x0802ee48                gpio_toggle
 .text.gpio_mode_setup
                0x0802ee5a       0x40 libopencm3/lib/libopencm3_stm32f4.a(gpio_common_f0234.o)
                0x0802ee5a                gpio_mode_setup
 .text.gpio_set_af
                0x0802ee9a       0x58 libopencm3/lib/libopencm3_stm32f4.a(gpio_common_f0234.o)
                0x0802ee9a                gpio_set_af
 *fill*         0x0802eef2        0x2 
 .text.iwdg_reset
                0x0802eef4       0x10 libopencm3/lib/libopencm3_stm32f4.a(iwdg_common_all.o)
                0x0802eef4                iwdg_reset
 .text.rcc_periph_clock_enable
                0x0802ef04       0x1a libopencm3/lib/libopencm3_stm32f4.a(rcc_common_all.o)
                0x0802ef04                rcc_periph_clock_enable
 .text.rcc_periph_reset_pulse
                0x0802ef1e       0x22 libopencm3/lib/libopencm3_stm32f4.a(rcc_common_all.o)
                0x0802ef1e                rcc_periph_reset_pulse
 .text.rcc_is_osc_ready
                0x0802ef40       0x64 libopencm3/lib/libopencm3_stm32f4.a(rcc.o)
                0x0802ef40                rcc_is_osc_ready
 .text.rcc_wait_for_osc_ready
                0x0802efa4       0x10 libopencm3/lib/libopencm3_stm32f4.a(rcc.o)
                0x0802efa4                rcc_wait_for_osc_ready
 .text.rcc_osc_on
                0x0802efb4       0x74 libopencm3/lib/libopencm3_stm32f4.a(rcc.o)
                0x0802efb4                rcc_osc_on
 .text.rcc_osc_off
                0x0802f028       0x74 libopencm3/lib/libopencm3_stm32f4.a(rcc.o)
                0x0802f028                rcc_osc_off
 .text.rcc_set_sysclk_source
                0x0802f09c       0x18 libopencm3/lib/libopencm3_stm32f4.a(rcc.o)
                0x0802f09c                rcc_set_sysclk_source
 .text.rcc_set_ppre2
                0x0802f0b4       0x18 libopencm3/lib/libopencm3_stm32f4.a(rcc.o)
                0x0802f0b4                rcc_set_ppre2
 .text.rcc_set_ppre1
                0x0802f0cc       0x18 libopencm3/lib/libopencm3_stm32f4.a(rcc.o)
                0x0802f0cc                rcc_set_ppre1
 .text.rcc_set_hpre
                0x0802f0e4       0x18 libopencm3/lib/libopencm3_stm32f4.a(rcc.o)
                0x0802f0e4                rcc_set_hpre
 .text.rcc_set_main_pll_hsi
                0x0802f0fc       0x44 libopencm3/lib/libopencm3_stm32f4.a(rcc.o)
                0x0802f0fc                rcc_set_main_pll_hsi
 .text.rcc_set_main_pll_hse
                0x0802f140       0x44 libopencm3/lib/libopencm3_stm32f4.a(rcc.o)
                0x0802f140                rcc_set_main_pll_hse
 .text.rcc_clock_setup_pll
                0x0802f184       0xe4 libopencm3/lib/libopencm3_stm32f4.a(rcc.o)
                0x0802f184                rcc_clock_setup_pll
 .text.spi_enable
                0x0802f268        0xa libopencm3/lib/libopencm3_stm32f4.a(spi_common_all.o)
                0x0802f268                spi_enable
 .text.spi_xfer
                0x0802f272        0xe libopencm3/lib/libopencm3_stm32f4.a(spi_common_all.o)
                0x0802f272                spi_xfer
 .text.spi_enable_software_slave_management
                0x0802f280       0x12 libopencm3/lib/libopencm3_stm32f4.a(spi_common_all.o)
                0x0802f280                spi_enable_software_slave_management
 .text.spi_set_nss_high
                0x0802f292        0xa libopencm3/lib/libopencm3_stm32f4.a(spi_common_all.o)
                0x0802f292                spi_set_nss_high
 .text.spi_init_master
                0x0802f29c       0x28 libopencm3/lib/libopencm3_stm32f4.a(spi_common_v1.o)
                0x0802f29c                spi_init_master
 .text.timer_enable_irq
                0x0802f2c4        0x8 libopencm3/lib/libopencm3_stm32f4.a(timer_common_all.o)
                0x0802f2c4                timer_enable_irq
 .text.timer_get_flag
                0x0802f2cc        0xc libopencm3/lib/libopencm3_stm32f4.a(timer_common_all.o)
                0x0802f2cc                timer_get_flag
 .text.timer_clear_flag
                0x0802f2d8        0x6 libopencm3/lib/libopencm3_stm32f4.a(timer_common_all.o)
                0x0802f2d8                timer_clear_flag
 .text.timer_set_clock_division
                0x0802f2de       0x14 libopencm3/lib/libopencm3_stm32f4.a(timer_common_all.o)
                0x0802f2de                timer_set_clock_division
 .text.timer_enable_preload
                0x0802f2f2        0xa libopencm3/lib/libopencm3_stm32f4.a(timer_common_all.o)
                0x0802f2f2                timer_enable_preload
 .text.timer_set_alignment
                0x0802f2fc       0x14 libopencm3/lib/libopencm3_stm32f4.a(timer_common_all.o)
                0x0802f2fc                timer_set_alignment
 .text.timer_direction_up
                0x0802f310        0xa libopencm3/lib/libopencm3_stm32f4.a(timer_common_all.o)
                0x0802f310                timer_direction_up
 .text.timer_one_shot_mode
                0x0802f31a        0xa libopencm3/lib/libopencm3_stm32f4.a(timer_common_all.o)
                0x0802f31a                timer_one_shot_mode
 .text.timer_enable_counter
                0x0802f324        0xa libopencm3/lib/libopencm3_stm32f4.a(timer_common_all.o)
                0x0802f324                timer_enable_counter
 .text.timer_disable_counter
                0x0802f32e        0xa libopencm3/lib/libopencm3_stm32f4.a(timer_common_all.o)
                0x0802f32e                timer_disable_counter
 .text.timer_set_dma_on_compare_event
                0x0802f338        0xa libopencm3/lib/libopencm3_stm32f4.a(timer_common_all.o)
                0x0802f338                timer_set_dma_on_compare_event
 .text.timer_set_prescaler
                0x0802f342        0x4 libopencm3/lib/libopencm3_stm32f4.a(timer_common_all.o)
                0x0802f342                timer_set_prescaler
 .text.timer_set_repetition_counter
                0x0802f346        0x4 libopencm3/lib/libopencm3_stm32f4.a(timer_common_all.o)
                0x0802f346                timer_set_repetition_counter
 .text.timer_set_period
                0x0802f34a        0x4 libopencm3/lib/libopencm3_stm32f4.a(timer_common_all.o)
                0x0802f34a                timer_set_period
 .text.timer_set_oc_mode
                0x0802f34e      0x18c libopencm3/lib/libopencm3_stm32f4.a(timer_common_all.o)
                0x0802f34e                timer_set_oc_mode
 .text.timer_enable_oc_preload
                0x0802f4da       0x34 libopencm3/lib/libopencm3_stm32f4.a(timer_common_all.o)
                0x0802f4da                timer_enable_oc_preload
 .text.timer_set_oc_polarity_high
                0x0802f50e       0x4a libopencm3/lib/libopencm3_stm32f4.a(timer_common_all.o)
                0x0802f50e                timer_set_oc_polarity_high
 .text.timer_set_oc_polarity_low
                0x0802f558       0x4a libopencm3/lib/libopencm3_stm32f4.a(timer_common_all.o)
                0x0802f558                timer_set_oc_polarity_low
 .text.timer_enable_oc_output
                0x0802f5a2       0x4a libopencm3/lib/libopencm3_stm32f4.a(timer_common_all.o)
                0x0802f5a2                timer_enable_oc_output
 .text.timer_disable_oc_output
                0x0802f5ec       0x4a libopencm3/lib/libopencm3_stm32f4.a(timer_common_all.o)
                0x0802f5ec                timer_disable_oc_output
 .text.timer_set_oc_idle_state_unset
                0x0802f636       0x4a libopencm3/lib/libopencm3_stm32f4.a(timer_common_all.o)
                0x0802f636                timer_set_oc_idle_state_unset
 .text.timer_set_oc_value
                0x0802f680       0x20 libopencm3/lib/libopencm3_stm32f4.a(timer_common_all.o)
                0x0802f680                timer_set_oc_value
 .text.timer_enable_break_main_output
                0x0802f6a0        0xa libopencm3/lib/libopencm3_stm32f4.a(timer_common_all.o)
                0x0802f6a0                timer_enable_break_main_output
 .text.timer_disable_break_automatic_output
                0x0802f6aa        0xa libopencm3/lib/libopencm3_stm32f4.a(timer_common_all.o)
                0x0802f6aa                timer_disable_break_automatic_output
 .text.timer_set_break_polarity_high
                0x0802f6b4        0xa libopencm3/lib/libopencm3_stm32f4.a(timer_common_all.o)
                0x0802f6b4                timer_set_break_polarity_high
 .text.timer_set_break_polarity_low
                0x0802f6be        0xa libopencm3/lib/libopencm3_stm32f4.a(timer_common_all.o)
                0x0802f6be                timer_set_break_polarity_low
 .text.timer_enable_break
                0x0802f6c8        0xa libopencm3/lib/libopencm3_stm32f4.a(timer_common_all.o)
                0x0802f6c8                timer_enable_break
 .text.timer_disable_break
                0x0802f6d2        0xa libopencm3/lib/libopencm3_stm32f4.a(timer_common_all.o)
                0x0802f6d2                timer_disable_break
 .text.timer_set_enabled_off_state_in_run_mode
                0x0802f6dc        0xa libopencm3/lib/libopencm3_stm32f4.a(timer_common_all.o)
                0x0802f6dc                timer_set_enabled_off_state_in_run_mode
 .text.timer_set_enabled_off_state_in_idle_mode
                0x0802f6e6        0xa libopencm3/lib/libopencm3_stm32f4.a(timer_common_all.o)
                0x0802f6e6                timer_set_enabled_off_state_in_idle_mode
 .text.timer_set_break_lock
                0x0802f6f0        0x8 libopencm3/lib/libopencm3_stm32f4.a(timer_common_all.o)
                0x0802f6f0                timer_set_break_lock
 .text.timer_set_deadtime
                0x0802f6f8        0x4 libopencm3/lib/libopencm3_stm32f4.a(timer_common_all.o)
                0x0802f6f8                timer_set_deadtime
 .text.timer_generate_event
                0x0802f6fc        0x8 libopencm3/lib/libopencm3_stm32f4.a(timer_common_all.o)
                0x0802f6fc                timer_generate_event
 .text.timer_get_counter
                0x0802f704        0x4 libopencm3/lib/libopencm3_stm32f4.a(timer_common_all.o)
                0x0802f704                timer_get_counter
 .text.timer_set_counter
                0x0802f708        0x4 libopencm3/lib/libopencm3_stm32f4.a(timer_common_all.o)
                0x0802f708                timer_set_counter
 .text.timer_ic_set_filter
                0x0802f70c       0x50 libopencm3/lib/libopencm3_stm32f4.a(timer_common_all.o)
                0x0802f70c                timer_ic_set_filter
 .text.timer_ic_set_input
                0x0802f75c       0x66 libopencm3/lib/libopencm3_stm32f4.a(timer_common_all.o)
                0x0802f75c                timer_ic_set_input
 .text.timer_ic_enable
                0x0802f7c2        0xe libopencm3/lib/libopencm3_stm32f4.a(timer_common_all.o)
                0x0802f7c2                timer_ic_enable
 .text.timer_slave_set_filter
                0x0802f7d0       0x12 libopencm3/lib/libopencm3_stm32f4.a(timer_common_all.o)
                0x0802f7d0                timer_slave_set_filter
 .text.timer_slave_set_polarity
                0x0802f7e2       0x12 libopencm3/lib/libopencm3_stm32f4.a(timer_common_all.o)
                0x0802f7e2                timer_slave_set_polarity
 .text.timer_slave_set_mode
                0x0802f7f4       0x10 libopencm3/lib/libopencm3_stm32f4.a(timer_common_all.o)
                0x0802f7f4                timer_slave_set_mode
 .text.timer_slave_set_trigger
                0x0802f804       0x10 libopencm3/lib/libopencm3_stm32f4.a(timer_common_all.o)
                0x0802f804                timer_slave_set_trigger
 .text.usart_set_baudrate
                0x0802f814       0x2c libopencm3/lib/libopencm3_stm32f4.a(usart_common_all.o)
                0x0802f814                usart_set_baudrate
 .text.usart_set_databits
                0x0802f840       0x12 libopencm3/lib/libopencm3_stm32f4.a(usart_common_all.o)
                0x0802f840                usart_set_databits
 .text.usart_set_stopbits
                0x0802f852        0xc libopencm3/lib/libopencm3_stm32f4.a(usart_common_all.o)
                0x0802f852                usart_set_stopbits
 .text.usart_set_parity
                0x0802f85e        0xc libopencm3/lib/libopencm3_stm32f4.a(usart_common_all.o)
                0x0802f85e                usart_set_parity
 .text.usart_set_mode
                0x0802f86a        0xc libopencm3/lib/libopencm3_stm32f4.a(usart_common_all.o)
                0x0802f86a                usart_set_mode
 .text.usart_set_flow_control
                0x0802f876        0xc libopencm3/lib/libopencm3_stm32f4.a(usart_common_all.o)
                0x0802f876                usart_set_flow_control
 .text.usart_enable
                0x0802f882        0xa libopencm3/lib/libopencm3_stm32f4.a(usart_common_all.o)
                0x0802f882                usart_enable
 .text.usart_send_blocking
                0x0802f88c       0x16 libopencm3/lib/libopencm3_stm32f4.a(usart_common_all.o)
                0x0802f88c                usart_send_blocking
 .text.usart_enable_rx_dma
                0x0802f8a2        0xa libopencm3/lib/libopencm3_stm32f4.a(usart_common_all.o)
                0x0802f8a2                usart_enable_rx_dma
 .text.usart_enable_tx_dma
                0x0802f8ac        0xa libopencm3/lib/libopencm3_stm32f4.a(usart_common_all.o)
                0x0802f8ac                usart_enable_tx_dma
 .text.usart_disable_tx_dma
                0x0802f8b6        0xa libopencm3/lib/libopencm3_stm32f4.a(usart_common_all.o)
                0x0802f8b6                usart_disable_tx_dma
 .text.usart_send
                0x0802f8c0        0x8 libopencm3/lib/libopencm3_stm32f4.a(usart_common_f124.o)
                0x0802f8c0                usart_send
 .text.usart_recv
                0x0802f8c8        0x8 libopencm3/lib/libopencm3_stm32f4.a(usart_common_f124.o)
                0x0802f8c8                usart_recv
 .text.usart_wait_send_ready
                0x0802f8d0        0x8 libopencm3/lib/libopencm3_stm32f4.a(usart_common_f124.o)
                0x0802f8d0                usart_wait_send_ready
 .text.usart_get_flag
                0x0802f8d8        0xc libopencm3/lib/libopencm3_stm32f4.a(usart_common_f124.o)
                0x0802f8d8                usart_get_flag
 .text.blocking_handler
                0x0802f8e4        0x2 libopencm3/lib/libopencm3_stm32f4.a(vector.o)
                0x0802f8e4                dma2_stream1_isr
                0x0802f8e4                tim8_brk_tim12_isr
                0x0802f8e4                dma1_stream7_isr
                0x0802f8e4                usart3_isr
                0x0802f8e4                tim7_isr
                0x0802f8e4                dma2d_isr
                0x0802f8e4                uart8_isr
                0x0802f8e4                dma1_stream2_isr
                0x0802f8e4                otg_hs_isr
                0x0802f8e4                blocking_handler
                0x0802f8e4                rtc_wkup_isr
                0x0802f8e4                otg_fs_isr
                0x0802f8e4                spi1_isr
                0x0802f8e4                i2c3_er_isr
                0x0802f8e4                spi5_isr
                0x0802f8e4                usb_fs_wkup_isr
                0x0802f8e4                tamp_stamp_isr
                0x0802f8e4                can1_rx1_isr
                0x0802f8e4                dma2_stream0_isr
                0x0802f8e4                usart1_isr
                0x0802f8e4                i2c3_ev_isr
                0x0802f8e4                usage_fault_handler
                0x0802f8e4                dma1_stream6_isr
                0x0802f8e4                can1_sce_isr
                0x0802f8e4                tim1_cc_isr
                0x0802f8e4                can1_tx_isr
                0x0802f8e4                tim1_up_tim10_isr
                0x0802f8e4                sdio_isr
                0x0802f8e4                eth_isr
                0x0802f8e4                spi6_isr
                0x0802f8e4                dma2_stream5_isr
                0x0802f8e4                pvd_isr
                0x0802f8e4                can1_rx0_isr
                0x0802f8e4                rcc_isr
                0x0802f8e4                dma2_stream3_isr
                0x0802f8e4                flash_isr
                0x0802f8e4                uart4_isr
                0x0802f8e4                lcd_tft_isr
                0x0802f8e4                rtc_alarm_isr
                0x0802f8e4                hash_rng_isr
                0x0802f8e4                tim1_trg_com_tim11_isr
                0x0802f8e4                hard_fault_handler
                0x0802f8e4                exti1_isr
                0x0802f8e4                i2c1_ev_isr
                0x0802f8e4                usart6_isr
                0x0802f8e4                spi2_isr
                0x0802f8e4                cryp_isr
                0x0802f8e4                nvic_wwdg_isr
                0x0802f8e4                dma1_stream1_isr
                0x0802f8e4                dma2_stream4_isr
                0x0802f8e4                exti3_isr
                0x0802f8e4                tim3_isr
                0x0802f8e4                usart2_isr
                0x0802f8e4                sai1_isr
                0x0802f8e4                fpu_isr
                0x0802f8e4                dma1_stream4_isr
                0x0802f8e4                i2c2_er_isr
                0x0802f8e4                i2c2_ev_isr
                0x0802f8e4                uart5_isr
                0x0802f8e4                dma2_stream6_isr
                0x0802f8e4                spi4_isr
                0x0802f8e4                adc_isr
                0x0802f8e4                dma2_stream7_isr
                0x0802f8e4                tim8_up_tim13_isr
                0x0802f8e4                fsmc_isr
                0x0802f8e4                exti4_isr
                0x0802f8e4                tim6_dac_isr
                0x0802f8e4                dma1_stream3_isr
                0x0802f8e4                tim8_trg_com_tim14_isr
                0x0802f8e4                mem_manage_handler
                0x0802f8e4                lcd_tft_err_isr
                0x0802f8e4                exti9_5_isr
                0x0802f8e4                tim1_brk_tim9_isr
                0x0802f8e4                uart7_isr
                0x0802f8e4                can2_sce_isr
                0x0802f8e4                tim4_isr
                0x0802f8e4                otg_hs_wkup_isr
                0x0802f8e4                i2c1_er_isr
                0x0802f8e4                dma1_stream0_isr
                0x0802f8e4                tim8_cc_isr
                0x0802f8e4                dcmi_isr
                0x0802f8e4                dma2_stream2_isr
                0x0802f8e4                eth_wkup_isr
                0x0802f8e4                bus_fault_handler
                0x0802f8e4                otg_hs_ep1_out_isr
                0x0802f8e4                spi3_isr
                0x0802f8e4                dma1_stream5_isr
                0x0802f8e4                otg_hs_ep1_in_isr
                0x0802f8e4                exti0_isr
 .text.null_handler
                0x0802f8e6        0x2 libopencm3/lib/libopencm3_stm32f4.a(vector.o)
                0x0802f8e6                null_handler
                0x0802f8e6                sv_call_handler
                0x0802f8e6                pend_sv_handler
                0x0802f8e6                debug_monitor_handler
                0x0802f8e6                sys_tick_handler
                0x0802f8e6                nmi_handler
 .text.reset_handler
                0x0802f8e8       0xa0 libopencm3/lib/libopencm3_stm32f4.a(vector.o)
                0x0802f8e8                reset_handler
 .text.systick_set_reload
                0x0802f988        0xc libopencm3/lib/libopencm3_stm32f4.a(systick.o)
                0x0802f988                systick_set_reload
 .text.systick_get_value
                0x0802f994        0xc libopencm3/lib/libopencm3_stm32f4.a(systick.o)
                0x0802f994                systick_get_value
 .text.systick_set_clocksource
                0x0802f9a0       0x14 libopencm3/lib/libopencm3_stm32f4.a(systick.o)
                0x0802f9a0                systick_set_clocksource
 .text.systick_counter_enable
                0x0802f9b4        0xe libopencm3/lib/libopencm3_stm32f4.a(systick.o)
                0x0802f9b4                systick_counter_enable
 .text.systick_clear
                0x0802f9c2        0xa libopencm3/lib/libopencm3_stm32f4.a(systick.o)
                0x0802f9c2                systick_clear
 .text.scb_reset_system
                0x0802f9cc       0x10 libopencm3/lib/libopencm3_stm32f4.a(scb.o)
                0x0802f9cc                scb_reset_system
 .text.nvic_enable_irq
                0x0802f9dc       0x18 libopencm3/lib/libopencm3_stm32f4.a(nvic.o)
                0x0802f9dc                nvic_enable_irq
 .text.nvic_set_priority
                0x0802f9f4       0x20 libopencm3/lib/libopencm3_stm32f4.a(nvic.o)
                0x0802f9f4                nvic_set_priority
 .text.flash_wait_for_last_operation
                0x0802fa14       0x10 libopencm3/lib/libopencm3_stm32f4.a(flash.o)
                0x0802fa14                flash_wait_for_last_operation
 .text.flash_dcache_enable
                0x0802fa24       0x14 libopencm3/lib/libopencm3_stm32f4.a(flash_common_idcache.o)
                0x0802fa24                flash_dcache_enable
 .text.flash_dcache_disable
                0x0802fa38       0x14 libopencm3/lib/libopencm3_stm32f4.a(flash_common_idcache.o)
                0x0802fa38                flash_dcache_disable
 .text.flash_icache_enable
                0x0802fa4c       0x14 libopencm3/lib/libopencm3_stm32f4.a(flash_common_idcache.o)
                0x0802fa4c                flash_icache_enable
 .text.flash_icache_disable
                0x0802fa60       0x14 libopencm3/lib/libopencm3_stm32f4.a(flash_common_idcache.o)
                0x0802fa60                flash_icache_disable
 .text.pwr_set_vos_scale
                0x0802fa74       0x18 libopencm3/lib/libopencm3_stm32f4.a(pwr.o)
                0x0802fa74                pwr_set_vos_scale
 .text          0x0802fa8c      0x378 /usr/lib/gcc/arm-none-eabi/12.2.1/thumb/v7/nofp/libgcc.a(_arm_addsubdf3.o)
                0x0802fa8c                __aeabi_drsub
                0x0802fa94                __aeabi_dsub
                0x0802fa94                __subdf3
                0x0802fa98                __adddf3
                0x0802fa98                __aeabi_dadd
                0x0802fd10                __aeabi_ui2d
                0x0802fd10                __floatunsidf
                0x0802fd30                __floatsidf
                0x0802fd30                __aeabi_i2d
                0x0802fd54                __extendsfdf2
                0x0802fd54                __aeabi_f2d
                0x0802fd98                __aeabi_ul2d
                0x0802fd98                __floatundidf
                0x0802fda8                __floatdidf
                0x0802fda8                __aeabi_l2d
 .text          0x0802fe04      0x424 /usr/lib/gcc/arm-none-eabi/12.2.1/thumb/v7/nofp/libgcc.a(_arm_muldivdf3.o)
                0x0802fe04                __aeabi_dmul
                0x0802fe04                __muldf3
                0x08030058                __aeabi_ddiv
                0x08030058                __divdf3
 .text          0x08030228      0x110 /usr/lib/gcc/arm-none-eabi/12.2.1/thumb/v7/nofp/libgcc.a(_arm_cmpdf2.o)
                0x08030228                __gtdf2
                0x08030228                __gedf2
                0x08030230                __ltdf2
                0x08030230                __ledf2
                0x08030238                __cmpdf2
                0x08030238                __eqdf2
                0x08030238                __nedf2
                0x080302b4                __aeabi_cdrcmple
                0x080302c4                __aeabi_cdcmple
                0x080302c4                __aeabi_cdcmpeq
                0x080302d4                __aeabi_dcmpeq
                0x080302e8                __aeabi_dcmplt
                0x080302fc                __aeabi_dcmple
                0x08030310                __aeabi_dcmpge
                0x08030324                __aeabi_dcmpgt
 .text          0x08030338       0x2c /usr/lib/gcc/arm-none-eabi/12.2.1/thumb/v7/nofp/libgcc.a(_arm_unorddf2.o)
                0x08030338                __aeabi_dcmpun
                0x08030338                __unorddf2
 .text          0x08030364       0x50 /usr/lib/gcc/arm-none-eabi/12.2.1/thumb/v7/nofp/libgcc.a(_arm_fixdfsi.o)
                0x08030364                __fixdfsi
                0x08030364                __aeabi_d2iz
 .text          0x080303b4       0x40 /usr/lib/gcc/arm-none-eabi/12.2.1/thumb/v7/nofp/libgcc.a(_arm_fixunsdfsi.o)
                0x080303b4                __fixunsdfsi
                0x080303b4                __aeabi_d2uiz
 .text          0x080303f4       0xa0 /usr/lib/gcc/arm-none-eabi/12.2.1/thumb/v7/nofp/libgcc.a(_arm_truncdfsf2.o)
                0x080303f4                __aeabi_d2f
                0x080303f4                __truncdfsf2
 .text          0x08030494      0x21c /usr/lib/gcc/arm-none-eabi/12.2.1/thumb/v7/nofp/libgcc.a(_arm_addsubsf3.o)
                0x08030494                __aeabi_frsub
                0x0803049c                __subsf3
                0x0803049c                __aeabi_fsub
                0x080304a0                __aeabi_fadd
                0x080304a0                __addsf3
                0x08030600                __aeabi_ui2f
                0x08030600                __floatunsisf
                0x08030608                __aeabi_i2f
                0x08030608                __floatsisf
                0x08030624                __floatundisf
                0x08030624                __aeabi_ul2f
                0x08030634                __floatdisf
                0x08030634                __aeabi_l2f
 .text          0x080306b0      0x2a0 /usr/lib/gcc/arm-none-eabi/12.2.1/thumb/v7/nofp/libgcc.a(_arm_muldivsf3.o)
                0x080306b0                __mulsf3
                0x080306b0                __aeabi_fmul
                0x08030818                __divsf3
                0x08030818                __aeabi_fdiv
 .text          0x08030950       0xec /usr/lib/gcc/arm-none-eabi/12.2.1/thumb/v7/nofp/libgcc.a(_arm_cmpsf2.o)
                0x08030950                __gtsf2
                0x08030950                __gesf2
                0x08030958                __lesf2
                0x08030958                __ltsf2
                0x08030960                __nesf2
                0x08030960                __eqsf2
                0x08030960                __cmpsf2
                0x080309c0                __aeabi_cfrcmple
                0x080309c8                __aeabi_cfcmple
                0x080309c8                __aeabi_cfcmpeq
                0x080309d8                __aeabi_fcmpeq
                0x080309ec                __aeabi_fcmplt
                0x08030a00                __aeabi_fcmple
                0x08030a14                __aeabi_fcmpge
                0x08030a28                __aeabi_fcmpgt
 .text          0x08030a3c       0x2c /usr/lib/gcc/arm-none-eabi/12.2.1/thumb/v7/nofp/libgcc.a(_arm_unordsf2.o)
                0x08030a3c                __aeabi_fcmpun
                0x08030a3c                __unordsf2
 .text          0x08030a68       0x4c /usr/lib/gcc/arm-none-eabi/12.2.1/thumb/v7/nofp/libgcc.a(_arm_fixsfsi.o)
                0x08030a68                __fixsfsi
                0x08030a68                __aeabi_f2iz
 .text          0x08030ab4       0xa0 /usr/lib/gcc/arm-none-eabi/12.2.1/thumb/v7/nofp/libgcc.a(_aeabi_ldivmod.o)
                0x08030ab4                __aeabi_ldivmod
 .text          0x08030b54      0x104 /usr/lib/gcc/arm-none-eabi/12.2.1/thumb/v7/nofp/libgcc.a(_udivmoddi4.o)
                0x08030b54                __udivmoddi4
 .text          0x08030c58        0x4 /usr/lib/gcc/arm-none-eabi/12.2.1/thumb/v7/nofp/libgcc.a(_dvmd_tls.o)
                0x08030c58                __aeabi_ldiv0
                0x08030c58                __aeabi_idiv0
 .text          0x08030c5c        0xc /usr/lib/gcc/arm-none-eabi/12.2.1/../../../arm-none-eabi/lib/thumb/v7/nofp/libg.a(lib_a-errno.o)
                0x08030c5c                __errno
 .text          0x08030c68       0xa8 /usr/lib/gcc/arm-none-eabi/12.2.1/../../../arm-none-eabi/lib/thumb/v7/nofp/libg.a(lib_a-memset.o)
                0x08030c68                memset
                0x08030d10                        . = ALIGN (0x4)
 *(.rodata*)
 .rodata._ZL21VehicleSimulationTaskv.str1.1
                0x08030d10       0x23 obj/stm32_sine_3_m4.o
 .rodata._ZN14Stm32Scheduler5ocMapE
                0x08030d33        0x4 obj/stm32scheduler.o
                0x08030d33                Stm32Scheduler::ocMap